Archive member included to satisfy reference by file (symbol)

c:/program files (x86)/atollic/truestudio for stm32 9.3.0/armtools/bin/../lib/gcc/arm-atollic-eabi/6.3.1/../../../../arm-atollic-eabi/lib/armv7e-m/fpu\libc_nano.a(lib_a-errno.o)
                              Src\syscalls.o (__errno)
c:/program files (x86)/atollic/truestudio for stm32 9.3.0/armtools/bin/../lib/gcc/arm-atollic-eabi/6.3.1/../../../../arm-atollic-eabi/lib/armv7e-m/fpu\libc_nano.a(lib_a-impure.o)
                              c:/program files (x86)/atollic/truestudio for stm32 9.3.0/armtools/bin/../lib/gcc/arm-atollic-eabi/6.3.1/../../../../arm-atollic-eabi/lib/armv7e-m/fpu\libc_nano.a(lib_a-errno.o) (_impure_ptr)
c:/program files (x86)/atollic/truestudio for stm32 9.3.0/armtools/bin/../lib/gcc/arm-atollic-eabi/6.3.1/../../../../arm-atollic-eabi/lib/armv7e-m/fpu\libc_nano.a(lib_a-init.o)
                              startup\startup_stm32l476xx.o (__libc_init_array)
c:/program files (x86)/atollic/truestudio for stm32 9.3.0/armtools/bin/../lib/gcc/arm-atollic-eabi/6.3.1/../../../../arm-atollic-eabi/lib/armv7e-m/fpu\libc_nano.a(lib_a-itoa.o)
                              Src\main.o (itoa)
c:/program files (x86)/atollic/truestudio for stm32 9.3.0/armtools/bin/../lib/gcc/arm-atollic-eabi/6.3.1/../../../../arm-atollic-eabi/lib/armv7e-m/fpu\libc_nano.a(lib_a-memset.o)
                              Src\LCD_display.o (memset)
c:/program files (x86)/atollic/truestudio for stm32 9.3.0/armtools/bin/../lib/gcc/arm-atollic-eabi/6.3.1/../../../../arm-atollic-eabi/lib/armv7e-m/fpu\libc_nano.a(lib_a-printf.o)
                              Src\main.o (printf)
c:/program files (x86)/atollic/truestudio for stm32 9.3.0/armtools/bin/../lib/gcc/arm-atollic-eabi/6.3.1/../../../../arm-atollic-eabi/lib/armv7e-m/fpu\libc_nano.a(lib_a-puts.o)
                              Src\main.o (puts)
c:/program files (x86)/atollic/truestudio for stm32 9.3.0/armtools/bin/../lib/gcc/arm-atollic-eabi/6.3.1/../../../../arm-atollic-eabi/lib/armv7e-m/fpu\libc_nano.a(lib_a-strcat.o)
                              Src\main.o (strcat)
c:/program files (x86)/atollic/truestudio for stm32 9.3.0/armtools/bin/../lib/gcc/arm-atollic-eabi/6.3.1/../../../../arm-atollic-eabi/lib/armv7e-m/fpu\libc_nano.a(lib_a-utoa.o)
                              c:/program files (x86)/atollic/truestudio for stm32 9.3.0/armtools/bin/../lib/gcc/arm-atollic-eabi/6.3.1/../../../../arm-atollic-eabi/lib/armv7e-m/fpu\libc_nano.a(lib_a-itoa.o) (__utoa)
c:/program files (x86)/atollic/truestudio for stm32 9.3.0/armtools/bin/../lib/gcc/arm-atollic-eabi/6.3.1/../../../../arm-atollic-eabi/lib/armv7e-m/fpu\libc_nano.a(lib_a-wbuf.o)
                              c:/program files (x86)/atollic/truestudio for stm32 9.3.0/armtools/bin/../lib/gcc/arm-atollic-eabi/6.3.1/../../../../arm-atollic-eabi/lib/armv7e-m/fpu\libc_nano.a(lib_a-puts.o) (__swbuf_r)
c:/program files (x86)/atollic/truestudio for stm32 9.3.0/armtools/bin/../lib/gcc/arm-atollic-eabi/6.3.1/../../../../arm-atollic-eabi/lib/armv7e-m/fpu\libc_nano.a(lib_a-wsetup.o)
                              c:/program files (x86)/atollic/truestudio for stm32 9.3.0/armtools/bin/../lib/gcc/arm-atollic-eabi/6.3.1/../../../../arm-atollic-eabi/lib/armv7e-m/fpu\libc_nano.a(lib_a-puts.o) (__swsetup_r)
c:/program files (x86)/atollic/truestudio for stm32 9.3.0/armtools/bin/../lib/gcc/arm-atollic-eabi/6.3.1/../../../../arm-atollic-eabi/lib/armv7e-m/fpu\libc_nano.a(lib_a-fflush.o)
                              c:/program files (x86)/atollic/truestudio for stm32 9.3.0/armtools/bin/../lib/gcc/arm-atollic-eabi/6.3.1/../../../../arm-atollic-eabi/lib/armv7e-m/fpu\libc_nano.a(lib_a-wbuf.o) (_fflush_r)
c:/program files (x86)/atollic/truestudio for stm32 9.3.0/armtools/bin/../lib/gcc/arm-atollic-eabi/6.3.1/../../../../arm-atollic-eabi/lib/armv7e-m/fpu\libc_nano.a(lib_a-findfp.o)
                              c:/program files (x86)/atollic/truestudio for stm32 9.3.0/armtools/bin/../lib/gcc/arm-atollic-eabi/6.3.1/../../../../arm-atollic-eabi/lib/armv7e-m/fpu\libc_nano.a(lib_a-printf.o) (__sinit)
c:/program files (x86)/atollic/truestudio for stm32 9.3.0/armtools/bin/../lib/gcc/arm-atollic-eabi/6.3.1/../../../../arm-atollic-eabi/lib/armv7e-m/fpu\libc_nano.a(lib_a-fwalk.o)
                              c:/program files (x86)/atollic/truestudio for stm32 9.3.0/armtools/bin/../lib/gcc/arm-atollic-eabi/6.3.1/../../../../arm-atollic-eabi/lib/armv7e-m/fpu\libc_nano.a(lib_a-findfp.o) (_fwalk)
c:/program files (x86)/atollic/truestudio for stm32 9.3.0/armtools/bin/../lib/gcc/arm-atollic-eabi/6.3.1/../../../../arm-atollic-eabi/lib/armv7e-m/fpu\libc_nano.a(lib_a-makebuf.o)
                              c:/program files (x86)/atollic/truestudio for stm32 9.3.0/armtools/bin/../lib/gcc/arm-atollic-eabi/6.3.1/../../../../arm-atollic-eabi/lib/armv7e-m/fpu\libc_nano.a(lib_a-wsetup.o) (__smakebuf_r)
[...]
Memory Configuration

Name             Origin             Length             Attributes
RAM              0x20000000         0x00018000         xrw
RAM2             0x10000000         0x00008000         xrw
FLASH            0x08000000         0x00100000         xr
*default*        0x00000000         0xffffffff

Linker script and memory map

LOAD c:/program files (x86)/atollic/truestudio for stm32 9.3.0/armtools/bin/../lib/gcc/arm-atollic-eabi/6.3.1/armv7e-m/fpu/crti.o
LOAD c:/program files (x86)/atollic/truestudio for stm32 9.3.0/armtools/bin/../lib/gcc/arm-atollic-eabi/6.3.1/armv7e-m/fpu/crtbegin.o
LOAD Drivers\STM32L4xx_HAL_Driver\Src\stm32l4xx_hal.o
LOAD Drivers\STM32L4xx_HAL_Driver\Src\stm32l4xx_hal_cortex.o
LOAD Drivers\STM32L4xx_HAL_Driver\Src\stm32l4xx_hal_dma.o
LOAD Drivers\STM32L4xx_HAL_Driver\Src\stm32l4xx_hal_dma_ex.o
LOAD Drivers\STM32L4xx_HAL_Driver\Src\stm32l4xx_hal_exti.o
LOAD Drivers\STM32L4xx_HAL_Driver\Src\stm32l4xx_hal_flash.o
LOAD Drivers\STM32L4xx_HAL_Driver\Src\stm32l4xx_hal_flash_ex.o
LOAD Drivers\STM32L4xx_HAL_Driver\Src\stm32l4xx_hal_flash_ramfunc.o
LOAD Drivers\STM32L4xx_HAL_Driver\Src\stm32l4xx_hal_gpio.o
LOAD Drivers\STM32L4xx_HAL_Driver\Src\stm32l4xx_hal_i2c.o
LOAD Drivers\STM32L4xx_HAL_Driver\Src\stm32l4xx_hal_i2c_ex.o
LOAD Drivers\STM32L4xx_HAL_Driver\Src\stm32l4xx_hal_pwr.o
LOAD Drivers\STM32L4xx_HAL_Driver\Src\stm32l4xx_hal_pwr_ex.o
LOAD Drivers\STM32L4xx_HAL_Driver\Src\stm32l4xx_hal_rcc.o
LOAD Drivers\STM32L4xx_HAL_Driver\Src\stm32l4xx_hal_rcc_ex.o
LOAD Drivers\STM32L4xx_HAL_Driver\Src\stm32l4xx_hal_spi.o
LOAD Drivers\STM32L4xx_HAL_Driver\Src\stm32l4xx_hal_spi_ex.o
LOAD Drivers\STM32L4xx_HAL_Driver\Src\stm32l4xx_hal_tim.o
LOAD Drivers\STM32L4xx_HAL_Driver\Src\stm32l4xx_hal_tim_ex.o
LOAD Src\AMG8833.o
LOAD Src\DFR0529_LCD.o
LOAD Src\LCD_display.o
LOAD Src\board.o
LOAD Src\gpio.o
LOAD Src\i2c.o
LOAD Src\interpolation.o
LOAD Src\main.o
LOAD Src\spi.o
LOAD Src\stm32l4xx_hal_msp.o
LOAD Src\stm32l4xx_it.o
LOAD Src\syscalls.o
LOAD Src\system_stm32l4xx.o
LOAD startup\startup_stm32l476xx.o
                0x00000080                malloc_getpagesize_P = 0x80
START GROUP
LOAD c:/program files (x86)/atollic/truestudio for stm32 9.3.0/armtools/bin/../lib/gcc/arm-atollic-eabi/6.3.1/../../../../arm-atollic-eabi/lib/armv7e-m/fpu\libc_nano.a
LOAD c:/program files (x86)/atollic/truestudio for stm32 9.3.0/armtools/bin/../lib/gcc/arm-atollic-eabi/6.3.1/../../../../arm-atollic-eabi/lib/armv7e-m/fpu\libm.a
END GROUP
START GROUP
LOAD c:/program files (x86)/atollic/truestudio for stm32 9.3.0/armtools/bin/../lib/gcc/arm-atollic-eabi/6.3.1/armv7e-m/fpu\libgcc.a
LOAD c:/program files (x86)/atollic/truestudio for stm32 9.3.0/armtools/bin/../lib/gcc/arm-atollic-eabi/6.3.1/../../../../arm-atollic-eabi/lib/armv7e-m/fpu\libc_nano.a
END GROUP
START GROUP
LOAD c:/program files (x86)/atollic/truestudio for stm32 9.3.0/armtools/bin/../lib/gcc/arm-atollic-eabi/6.3.1/armv7e-m/fpu\libgcc.a
LOAD c:/program files (x86)/atollic/truestudio for stm32 9.3.0/armtools/bin/../lib/gcc/arm-atollic-eabi/6.3.1/../../../../arm-atollic-eabi/lib/armv7e-m/fpu\libc_nano.a
LOAD c:/program files (x86)/atollic/truestudio for stm32 9.3.0/armtools/bin/../lib/gcc/arm-atollic-eabi/6.3.1/../../../../arm-atollic-eabi/lib/armv7e-m/fpu\libnosys.a
END GROUP
START GROUP
LOAD c:/program files (x86)/atollic/truestudio for stm32 9.3.0/armtools/bin/../lib/gcc/arm-atollic-eabi/6.3.1/armv7e-m/fpu\libgcc.a
LOAD c:/program files (x86)/atollic/truestudio for stm32 9.3.0/armtools/bin/../lib/gcc/arm-atollic-eabi/6.3.1/../../../../arm-atollic-eabi/lib/armv7e-m/fpu\libc_nano.a
LOAD c:/program files (x86)/atollic/truestudio for stm32 9.3.0/armtools/bin/../lib/gcc/arm-atollic-eabi/6.3.1/../../../../arm-atollic-eabi/lib/armv7e-m/fpu\libnosys.a
END GROUP
LOAD c:/program files (x86)/atollic/truestudio for stm32 9.3.0/armtools/bin/../lib/gcc/arm-atollic-eabi/6.3.1/armv7e-m/fpu/crtend.o
LOAD c:/program files (x86)/atollic/truestudio for stm32 9.3.0/armtools/bin/../lib/gcc/arm-atollic-eabi/6.3.1/armv7e-m/fpu/crtn.o
                0x20018000                _estack = 0x20018000
                0x00000200                _Min_Heap_Size = 0x200
                0x00000400                _Min_Stack_Size = 0x400

.isr_vector     0x08000000      0x188
                0x08000000                . = ALIGN (0x4)
 *(.isr_vector)
 .isr_vector    0x08000000      0x188 startup\startup_stm32l476xx.o
                0x08000000                g_pfnVectors
                0x08000188                . = ALIGN (0x4)

.text           0x08000190     0x4484
                0x08000190                . = ALIGN (0x4)
 *(.text)
 .text          0x08000190       0x40 c:/program files (x86)/atollic/truestudio for stm32 9.3.0/armtools/bin/../lib/gcc/arm-atollic-eabi/6.3.1/armv7e-m/fpu/crtbegin.o
 .text          0x080001d0       0xa0 c:/program files (x86)/atollic/truestudio for stm32 9.3.0/armtools/bin/../lib/gcc/arm-atollic-eabi/6.3.1/../../../../arm-atollic-eabi/lib/armv7e-m/fpu\libc_nano.a(lib_a-memchr.o)
                0x080001d0                memchr
 .text          0x08000270      0x370 c:/program files (x86)/atollic/truestudio for stm32 9.3.0/armtools/bin/../lib/gcc/arm-atollic-eabi/6.3.1/armv7e-m/fpu\libgcc.a(_arm_addsubdf3.o)
                0x08000270                __aeabi_drsub
                0x08000278                __aeabi_dsub
                0x08000278                __subdf3
                0x0800027c                __aeabi_dadd
                0x0800027c                __adddf3
                0x080004f4                __floatunsidf
                0x080004f4                __aeabi_ui2d
                0x08000514                __floatsidf
                0x08000514                __aeabi_i2d
                0x08000538                __aeabi_f2d
                0x08000538                __extendsfdf2
                0x08000574                __floatundidf
                0x08000574                __aeabi_ul2d
                0x08000584                __floatdidf
                0x08000584                __aeabi_l2d
 .text          0x080005e0      0x424 c:/program files (x86)/atollic/truestudio for stm32 9.3.0/armtools/bin/../lib/gcc/arm-atollic-eabi/6.3.1/armv7e-m/fpu\libgcc.a(_arm_muldivdf3.o)
                0x080005e0                __aeabi_dmul
                0x080005e0                __muldf3
                0x08000834                __divdf3
                0x08000834                __aeabi_ddiv
 .text          0x08000a04       0x50 c:/program files (x86)/atollic/truestudio for stm32 9.3.0/armtools/bin/../lib/gcc/arm-atollic-eabi/6.3.1/armv7e-m/fpu\libgcc.a(_arm_fixdfsi.o)
                0x08000a04                __aeabi_d2iz
                0x08000a04                __fixdfsi
 .text          0x08000a54       0xa0 c:/program files (x86)/atollic/truestudio for stm32 9.3.0/armtools/bin/../lib/gcc/arm-atollic-eabi/6.3.1/armv7e-m/fpu\libgcc.a(_arm_truncdfsf2.o)
                0x08000a54                __truncdfsf2
                0x08000a54                __aeabi_d2f
 *(.text*)
 .text.HAL_InitTick
                0x08000af4       0x4c Drivers\STM32L4xx_HAL_Driver\Src\stm32l4xx_hal.o
                0x08000af4                HAL_InitTick
 .text.HAL_Init
                0x08000b40       0x1e Drivers\STM32L4xx_HAL_Driver\Src\stm32l4xx_hal.o
                0x08000b40                HAL_Init
 *fill*         0x08000b5e        0x2 
 .text.HAL_IncTick
                0x08000b60       0x18 Drivers\STM32L4xx_HAL_Driver\Src\stm32l4xx_hal.o
                0x08000b60                HAL_IncTick
 .text.HAL_GetTick
                0x08000b78        0xc Drivers\STM32L4xx_HAL_Driver\Src\stm32l4xx_hal.o
                0x08000b78                HAL_GetTick
 .text.HAL_Delay
                0x08000b84       0x28 Drivers\STM32L4xx_HAL_Driver\Src\stm32l4xx_hal.o
                0x08000b84                HAL_Delay
 .text.HAL_NVIC_SetPriorityGrouping
                0x08000bac       0x24 Drivers\STM32L4xx_HAL_Driver\Src\stm32l4xx_hal_cortex.o
                0x08000bac                HAL_NVIC_SetPriorityGrouping
 .text.HAL_NVIC_SetPriority
                0x08000bd0       0x68 Drivers\STM32L4xx_HAL_Driver\Src\stm32l4xx_hal_cortex.o
                0x08000bd0                HAL_NVIC_SetPriority
 .text.HAL_NVIC_EnableIRQ
                0x08000c38       0x1c Drivers\STM32L4xx_HAL_Driver\Src\stm32l4xx_hal_cortex.o
                0x08000c38                HAL_NVIC_EnableIRQ
 .text.HAL_SYSTICK_Config
                0x08000c54       0x2c Drivers\STM32L4xx_HAL_Driver\Src\stm32l4xx_hal_cortex.o
                0x08000c54                HAL_SYSTICK_Config
 .text.HAL_GPIO_Init
                0x08000c80      0x1b8 Drivers\STM32L4xx_HAL_Driver\Src\stm32l4xx_hal_gpio.o
                0x08000c80                HAL_GPIO_Init
 .text.HAL_GPIO_ReadPin
                0x08000e38        0xc Drivers\STM32L4xx_HAL_Driver\Src\stm32l4xx_hal_gpio.o
                0x08000e38                HAL_GPIO_ReadPin
 .text.HAL_GPIO_WritePin
                0x08000e44        0xa Drivers\STM32L4xx_HAL_Driver\Src\stm32l4xx_hal_gpio.o
                0x08000e44                HAL_GPIO_WritePin
 *fill*         0x08000e4e        0x2 
 .text.HAL_GPIO_EXTI_IRQHandler
                0x08000e50       0x18 Drivers\STM32L4xx_HAL_Driver\Src\stm32l4xx_hal_gpio.o
                0x08000e50                HAL_GPIO_EXTI_IRQHandler
 .text.I2C_Flush_TXDR
                0x08000e68       0x1c Drivers\STM32L4xx_HAL_Driver\Src\stm32l4xx_hal_i2c.o
 .text.I2C_TransferConfig
                0x08000e84       0x34 Drivers\STM32L4xx_HAL_Driver\Src\stm32l4xx_hal_i2c.o
 .text.I2C_WaitOnFlagUntilTimeout
                0x08000eb8       0x56 Drivers\STM32L4xx_HAL_Driver\Src\stm32l4xx_hal_i2c.o
 .text.I2C_IsAcknowledgeFailed
                0x08000f0e       0x7a Drivers\STM32L4xx_HAL_Driver\Src\stm32l4xx_hal_i2c.o
 .text.I2C_WaitOnTXISFlagUntilTimeout
                0x08000f88       0x4e Drivers\STM32L4xx_HAL_Driver\Src\stm32l4xx_hal_i2c.o
 *fill*         0x08000fd6        0x2 
 .text.I2C_RequestMemoryWrite
                0x08000fd8       0x64 Drivers\STM32L4xx_HAL_Driver\Src\stm32l4xx_hal_i2c.o
 .text.I2C_RequestMemoryRead
                0x0800103c       0x64 Drivers\STM32L4xx_HAL_Driver\Src\stm32l4xx_hal_i2c.o
 .text.I2C_WaitOnSTOPFlagUntilTimeout
                0x080010a0       0x4a Drivers\STM32L4xx_HAL_Driver\Src\stm32l4xx_hal_i2c.o
 .text.HAL_I2C_MspInit
                0x080010ea        0x2 Drivers\STM32L4xx_HAL_Driver\Src\stm32l4xx_hal_i2c.o
                0x080010ea                HAL_I2C_MspInit
 .text.HAL_I2C_Init
                0x080010ec       0xa2 Drivers\STM32L4xx_HAL_Driver\Src\stm32l4xx_hal_i2c.o
                0x080010ec                HAL_I2C_Init
 .text.HAL_I2C_Mem_Write
                0x0800118e      0x16e Drivers\STM32L4xx_HAL_Driver\Src\stm32l4xx_hal_i2c.o
                0x0800118e                HAL_I2C_Mem_Write
 .text.HAL_I2C_Mem_Read
                0x080012fc      0x17c Drivers\STM32L4xx_HAL_Driver\Src\stm32l4xx_hal_i2c.o
                0x080012fc                HAL_I2C_Mem_Read
 .text.HAL_I2CEx_ConfigAnalogFilter
                0x08001478       0x4c Drivers\STM32L4xx_HAL_Driver\Src\stm32l4xx_hal_i2c_ex.o
                0x08001478                HAL_I2CEx_ConfigAnalogFilter
 .text.HAL_I2CEx_ConfigDigitalFilter
                0x080014c4       0x4a Drivers\STM32L4xx_HAL_Driver\Src\stm32l4xx_hal_i2c_ex.o
                0x080014c4                HAL_I2CEx_ConfigDigitalFilter
 *fill*         0x0800150e        0x2 
 .text.HAL_PWREx_GetVoltageRange
                0x08001510       0x10 Drivers\STM32L4xx_HAL_Driver\Src\stm32l4xx_hal_pwr_ex.o
                0x08001510                HAL_PWREx_GetVoltageRange
 .text.HAL_PWREx_ControlVoltageScaling
                0x08001520       0x6c Drivers\STM32L4xx_HAL_Driver\Src\stm32l4xx_hal_pwr_ex.o
                0x08001520                HAL_PWREx_ControlVoltageScaling
 .text.RCC_SetFlashLatencyFromMSIRange
                0x0800158c       0x84 Drivers\STM32L4xx_HAL_Driver\Src\stm32l4xx_hal_rcc.o
 .text.HAL_RCC_GetSysClockFreq
                0x08001610       0x9c Drivers\STM32L4xx_HAL_Driver\Src\stm32l4xx_hal_rcc.o
                0x08001610                HAL_RCC_GetSysClockFreq
 .text.HAL_RCC_OscConfig
                0x080016ac      0x4c4 Drivers\STM32L4xx_HAL_Driver\Src\stm32l4xx_hal_rcc.o
                0x080016ac                HAL_RCC_OscConfig
 .text.HAL_RCC_ClockConfig
                0x08001b70      0x12c Drivers\STM32L4xx_HAL_Driver\Src\stm32l4xx_hal_rcc.o
                0x08001b70                HAL_RCC_ClockConfig
 .text.RCCEx_PLLSAI1_Config
                0x08001c9c      0x11c Drivers\STM32L4xx_HAL_Driver\Src\stm32l4xx_hal_rcc_ex.o
 .text.RCCEx_PLLSAI2_Config
                0x08001db8       0xfc Drivers\STM32L4xx_HAL_Driver\Src\stm32l4xx_hal_rcc_ex.o
 .text.HAL_RCCEx_PeriphCLKConfig
                0x08001eb4      0x3d0 Drivers\STM32L4xx_HAL_Driver\Src\stm32l4xx_hal_rcc_ex.o
                0x08001eb4                HAL_RCCEx_PeriphCLKConfig
 .text.HAL_SPI_MspInit
                0x08002284        0x2 Drivers\STM32L4xx_HAL_Driver\Src\stm32l4xx_hal_spi.o
                0x08002284                HAL_SPI_MspInit
 .text.HAL_SPI_Init
                0x08002286       0xa2 Drivers\STM32L4xx_HAL_Driver\Src\stm32l4xx_hal_spi.o
                0x08002286                HAL_SPI_Init
 .text.Read     0x08002328       0x30 Src\AMG8833.o
 .text.AMG8833_Init
                0x08002358       0xb0 Src\AMG8833.o
                0x08002358                AMG8833_Init
 .text.AMG8833_Read_pixdels
                0x08002408       0x6e Src\AMG8833.o
                0x08002408                AMG8833_Read_pixdels
 *fill*         0x08002476        0x2 
 .text.AMG8833_Read_thermistor
                0x08002478       0x3c Src\AMG8833.o
                0x08002478                AMG8833_Read_thermistor
 *fill*         0x080024b4        0x4 
 .text.Set_interrupt
                0x080024b8      0x114 Src\AMG8833.o
                0x080024b8                Set_interrupt
 .text.Enable_interrupt
                0x080025cc       0x38 Src\AMG8833.o
                0x080025cc                Enable_interrupt
 .text.Clear_interrupt
                0x08002604       0x3c Src\AMG8833.o
                0x08002604                Clear_interrupt
 .text.getInterrupt
                0x08002640       0x34 Src\AMG8833.o
                0x08002640                getInterrupt
 .text.writeCmd
                0x08002674       0x78 Src\DFR0529_LCD.o
                0x08002674                writeCmd
 .text.showText
                0x080026ec       0x32 Src\DFR0529_LCD.o
                0x080026ec                showText
 *fill*         0x0800271e        0x2 
 .text.writeDatBytes
                0x08002720       0xc8 Src\DFR0529_LCD.o
                0x08002720                writeDatBytes
 .text.writeDat
                0x080027e8       0x16 Src\DFR0529_LCD.o
 *fill*         0x080027fe        0x2 
 .text.LCD_Init
                0x08002800      0x240 Src\DFR0529_LCD.o
                0x08002800                LCD_Init
 .text.setCursorAddr
                0x08002a40       0x36 Src\DFR0529_LCD.o
                0x08002a40                setCursorAddr
 .text.fillScreen
                0x08002a76       0x34 Src\DFR0529_LCD.o
                0x08002a76                fillScreen
 *fill*         0x08002aaa        0x2 
 .text.Character_getCharacter
                0x08002aac       0x44 Src\LCD_display.o
 .text.drawVLine1.isra.2
                0x08002af0       0x54 Src\LCD_display.o
 .text.Display  0x08002b44       0x4c Src\LCD_display.o
                0x08002b44                Display
 .text.setCursor
                0x08002b90       0x34 Src\LCD_display.o
                0x08002b90                setCursor
 .text.setTextSize
                0x08002bc4        0xc Src\LCD_display.o
                0x08002bc4                setTextSize
 .text.setTextBackground
                0x08002bd0        0xc Src\LCD_display.o
                0x08002bd0                setTextBackground
 .text.setTextColor
                0x08002bdc        0xc Src\LCD_display.o
                0x08002bdc                setTextColor
 .text.print1   0x08002be8      0x250 Src\LCD_display.o
                0x08002be8                print1
 .text.InitBoard
                0x08002e38       0x82 Src\board.o
                0x08002e38                InitBoard
 *fill*         0x08002eba        0x2 
 .text.HAL_GPIO_EXTI_Callback
                0x08002ebc       0x70 Src\board.o
                0x08002ebc                HAL_GPIO_EXTI_Callback
 .text.Init_GPIO_PIN
                0x08002f2c       0x30 Src\gpio.o
                0x08002f2c                Init_GPIO_PIN
 .text.ALL_GPIO_Init
                0x08002f5c       0xf0 Src\gpio.o
                0x08002f5c                ALL_GPIO_Init
 .text.unlikely.Error_Handler
                0x0800304c        0xc Src\i2c.o
 .text.I2C3_initaliztion
                0x08003058       0x90 Src\i2c.o
                0x08003058                I2C3_initaliztion
 .text.DrawInts.constprop.0
                0x080030e8      0x16c Src\main.o
 .text._write   0x08003254       0x32 Src\main.o
                0x08003254                _write
 *fill*         0x08003286        0x2 
 .text.show_buffer
                0x08003288       0x60 Src\main.o
                0x08003288                show_buffer
 .text.startup.main
                0x080032e8       0xe8 Src\main.o
                0x080032e8                main
 .text.Init_SPI_1
                0x080033d0       0x40 Src\spi.o
                0x080033d0                Init_SPI_1
 .text.SPI_initialization
                0x08003410       0x6c Src\spi.o
                0x08003410                SPI_initialization
 .text.SPI_transmit_8bit
                0x0800347c       0x2e Src\spi.o
                0x0800347c                SPI_transmit_8bit
 *fill*         0x080034aa        0x2 
 .text.HAL_MspInit
                0x080034ac       0x30 Src\stm32l4xx_hal_msp.o
                0x080034ac                HAL_MspInit
 .text.NMI_Handler
                0x080034dc        0x2 Src\stm32l4xx_it.o
                0x080034dc                NMI_Handler
 .text.HardFault_Handler
                0x080034de        0x2 Src\stm32l4xx_it.o
                0x080034de                HardFault_Handler
 .text.MemManage_Handler
                0x080034e0        0x2 Src\stm32l4xx_it.o
                0x080034e0                MemManage_Handler
 .text.BusFault_Handler
                0x080034e2        0x2 Src\stm32l4xx_it.o
                0x080034e2                BusFault_Handler
 .text.UsageFault_Handler
                0x080034e4        0x2 Src\stm32l4xx_it.o
                0x080034e4                UsageFault_Handler
 .text.SVC_Handler
                0x080034e6        0x2 Src\stm32l4xx_it.o
                0x080034e6                SVC_Handler
 .text.DebugMon_Handler
                0x080034e8        0x2 Src\stm32l4xx_it.o
                0x080034e8                DebugMon_Handler
 .text.PendSV_Handler
                0x080034ea        0x2 Src\stm32l4xx_it.o
                0x080034ea                PendSV_Handler
 .text.SysTick_Handler
                0x080034ec        0x4 Src\stm32l4xx_it.o
                0x080034ec                SysTick_Handler
 .text.EXTI9_5_IRQHandler
                0x080034f0       0x18 Src\stm32l4xx_it.o
                0x080034f0                EXTI9_5_IRQHandler
 .text._read    0x08003508       0x1c Src\syscalls.o
                0x08003508                _read
 .text._sbrk    0x08003524       0x34 Src\syscalls.o
                0x08003524                _sbrk
 .text._close   0x08003558        0x6 Src\syscalls.o
                0x08003558                _close
 .text._fstat   0x0800355e        0xa Src\syscalls.o
                0x0800355e                _fstat
 .text._isatty  0x08003568        0x4 Src\syscalls.o
                0x08003568                _isatty
 .text._lseek   0x0800356c        0x4 Src\syscalls.o
                0x0800356c                _lseek
 .text.SystemInit
                0x08003570       0x48 Src\system_stm32l4xx.o
                0x08003570                SystemInit
 .text.Reset_Handler
                0x080035b8       0x50 startup\startup_stm32l476xx.o
                0x080035b8                Reset_Handler
 .text.Default_Handler
                0x08003608        0x2 startup\startup_stm32l476xx.o
                0x08003608                RTC_Alarm_IRQHandler
                0x08003608                EXTI2_IRQHandler
                0x08003608                TIM8_TRG_COM_IRQHandler
                0x08003608                TIM8_CC_IRQHandler
                0x08003608                TIM1_CC_IRQHandler
                0x08003608                TSC_IRQHandler
                0x08003608                TAMP_STAMP_IRQHandler
                0x08003608                EXTI3_IRQHandler
                0x08003608                LPTIM2_IRQHandler
                0x08003608                DFSDM1_FLT1_IRQHandler
                0x08003608                I2C3_ER_IRQHandler
                0x08003608                DFSDM1_FLT2_IRQHandler
                0x08003608                EXTI0_IRQHandler
                0x08003608                I2C2_EV_IRQHandler
                0x08003608                CAN1_RX0_IRQHandler
                0x08003608                FPU_IRQHandler
                0x08003608                TIM1_UP_TIM16_IRQHandler
                0x08003608                ADC1_2_IRQHandler
                0x08003608                SPI1_IRQHandler
                0x08003608                TIM6_DAC_IRQHandler
                0x08003608                TIM8_UP_IRQHandler
                0x08003608                DMA2_Channel2_IRQHandler
                0x08003608                DMA1_Channel4_IRQHandler
                0x08003608                SAI2_IRQHandler
                0x08003608                DFSDM1_FLT3_IRQHandler
                0x08003608                USART3_IRQHandler
                0x08003608                DMA1_Channel7_IRQHandler
                0x08003608                CAN1_RX1_IRQHandler
                0x08003608                LCD_IRQHandler
                0x08003608                UART5_IRQHandler
                0x08003608                ADC3_IRQHandler
                0x08003608                TIM4_IRQHandler
                0x08003608                DMA2_Channel1_IRQHandler
                0x08003608                QUADSPI_IRQHandler
                0x08003608                I2C1_EV_IRQHandler
                0x08003608                DMA1_Channel6_IRQHandler
                0x08003608                UART4_IRQHandler
                0x08003608                DMA2_Channel4_IRQHandler
                0x08003608                TIM3_IRQHandler
                0x08003608                RCC_IRQHandler
                0x08003608                DMA1_Channel1_IRQHandler
                0x08003608                Default_Handler
                0x08003608                DMA2_Channel7_IRQHandler
                0x08003608                EXTI15_10_IRQHandler
                0x08003608                TIM7_IRQHandler
                0x08003608                SDMMC1_IRQHandler
                0x08003608                TIM5_IRQHandler
                0x08003608                I2C3_EV_IRQHandler
                0x08003608                RTC_WKUP_IRQHandler
                0x08003608                PVD_PVM_IRQHandler
                0x08003608                SPI2_IRQHandler
                0x08003608                CAN1_TX_IRQHandler
                0x08003608                DMA2_Channel5_IRQHandler
                0x08003608                DMA1_Channel5_IRQHandler
                0x08003608                EXTI4_IRQHandler
                0x08003608                RNG_IRQHandler
                0x08003608                TIM1_TRG_COM_TIM17_IRQHandler
                0x08003608                DMA1_Channel3_IRQHandler
                0x08003608                COMP_IRQHandler
                0x08003608                WWDG_IRQHandler
                0x08003608                LPUART1_IRQHandler
                0x08003608                DMA2_Channel6_IRQHandler
                0x08003608                TIM2_IRQHandler
                0x08003608                EXTI1_IRQHandler
                0x08003608                USART2_IRQHandler
                0x08003608                DFSDM1_FLT0_IRQHandler
                0x08003608                I2C2_ER_IRQHandler
                0x08003608                DMA1_Channel2_IRQHandler
                0x08003608                TIM8_BRK_IRQHandler
                0x08003608                CAN1_SCE_IRQHandler
                0x08003608                FLASH_IRQHandler
                0x08003608                USART1_IRQHandler
                0x08003608                OTG_FS_IRQHandler
                0x08003608                SPI3_IRQHandler
                0x08003608                I2C1_ER_IRQHandler
                0x08003608                FMC_IRQHandler
                0x08003608                SWPMI1_IRQHandler
                0x08003608                LPTIM1_IRQHandler
                0x08003608                SAI1_IRQHandler
                0x08003608                DMA2_Channel3_IRQHandler
                0x08003608                TIM1_BRK_TIM15_IRQHandler
 *fill*         0x0800360a        0x2 
 .text.__errno  0x0800360c        0xc c:/program files (x86)/atollic/truestudio for stm32 9.3.0/armtools/bin/../lib/gcc/arm-atollic-eabi/6.3.1/../../../../arm-atollic-eabi/lib/armv7e-m/fpu\libc_nano.a(lib_a-errno.o)
                0x0800360c                __errno
 .text.__libc_init_array
                0x08003618       0x48 c:/program files (x86)/atollic/truestudio for stm32 9.3.0/armtools/bin/../lib/gcc/arm-atollic-eabi/6.3.1/../../../../arm-atollic-eabi/lib/armv7e-m/fpu\libc_nano.a(lib_a-init.o)
                0x08003618                __libc_init_array
 .text.__itoa   0x08003660       0x30 c:/program files (x86)/atollic/truestudio for stm32 9.3.0/armtools/bin/../lib/gcc/arm-atollic-eabi/6.3.1/../../../../arm-atollic-eabi/lib/armv7e-m/fpu\libc_nano.a(lib_a-itoa.o)
                0x08003660                __itoa
 .text.itoa     0x08003690        0x4 c:/program files (x86)/atollic/truestudio for stm32 9.3.0/armtools/bin/../lib/gcc/arm-atollic-eabi/6.3.1/../../../../arm-atollic-eabi/lib/armv7e-m/fpu\libc_nano.a(lib_a-itoa.o)
                0x08003690                itoa
 .text.memset   0x08003694       0x10 c:/program files (x86)/atollic/truestudio for stm32 9.3.0/armtools/bin/../lib/gcc/arm-atollic-eabi/6.3.1/../../../../arm-atollic-eabi/lib/armv7e-m/fpu\libc_nano.a(lib_a-memset.o)
                0x08003694                memset
 .text.printf   0x080036a4       0x30 c:/program files (x86)/atollic/truestudio for stm32 9.3.0/armtools/bin/../lib/gcc/arm-atollic-eabi/6.3.1/../../../../arm-atollic-eabi/lib/armv7e-m/fpu\libc_nano.a(lib_a-printf.o)
                0x080036a4                iprintf
                0x080036a4                printf
 .text._puts_r  0x080036d4       0xb8 c:/program files (x86)/atollic/truestudio for stm32 9.3.0/armtools/bin/../lib/gcc/arm-atollic-eabi/6.3.1/../../../../arm-atollic-eabi/lib/armv7e-m/fpu\libc_nano.a(lib_a-puts.o)
                0x080036d4                _puts_r
 .text.puts     0x0800378c       0x10 c:/program files (x86)/atollic/truestudio for stm32 9.3.0/armtools/bin/../lib/gcc/arm-atollic-eabi/6.3.1/../../../../arm-atollic-eabi/lib/armv7e-m/fpu\libc_nano.a(lib_a-puts.o)
                0x0800378c                puts
 .text.strcat   0x0800379c       0x1e c:/program files (x86)/atollic/truestudio for stm32 9.3.0/armtools/bin/../lib/gcc/arm-atollic-eabi/6.3.1/../../../../arm-atollic-eabi/lib/armv7e-m/fpu\libc_nano.a(lib_a-strcat.o)
                0x0800379c                strcat
 *fill*         0x080037ba        0x2 
 .text.__utoa   0x080037bc       0x80 c:/program files (x86)/atollic/truestudio for stm32 9.3.0/armtools/bin/../lib/gcc/arm-atollic-eabi/6.3.1/../../../../arm-atollic-eabi/lib/armv7e-m/fpu\libc_nano.a(lib_a-utoa.o)
                0x080037bc                __utoa
 .text.__swbuf_r
                0x0800383c       0xa4 c:/program files (x86)/atollic/truestudio for stm32 9.3.0/armtools/bin/../lib/gcc/arm-atollic-eabi/6.3.1/../../../../arm-atollic-eabi/lib/armv7e-m/fpu\libc_nano.a(lib_a-wbuf.o)
                0x0800383c                __swbuf_r
 .text.__swsetup_r
                0x080038e0       0xdc c:/program files (x86)/atollic/truestudio for stm32 9.3.0/armtools/bin/../lib/gcc/arm-atollic-eabi/6.3.1/../../../../arm-atollic-eabi/lib/armv7e-m/fpu\libc_nano.a(lib_a-wsetup.o)
                0x080038e0                __swsetup_r
 .text.__sflush_r
                0x080039bc      0x110 c:/program files (x86)/atollic/truestudio for stm32 9.3.0/armtools/bin/../lib/gcc/arm-atollic-eabi/6.3.1/../../../../arm-atollic-eabi/lib/armv7e-m/fpu\libc_nano.a(lib_a-fflush.o)
                0x080039bc                __sflush_r
 .text._fflush_r
                0x08003acc       0x54 c:/program files (x86)/atollic/truestudio for stm32 9.3.0/armtools/bin/../lib/gcc/arm-atollic-eabi/6.3.1/../../../../arm-atollic-eabi/lib/armv7e-m/fpu\libc_nano.a(lib_a-fflush.o)
                0x08003acc                _fflush_r
 .text._cleanup_r
                0x08003b20        0xc c:/program files (x86)/atollic/truestudio for stm32 9.3.0/armtools/bin/../lib/gcc/arm-atollic-eabi/6.3.1/../../../../arm-atollic-eabi/lib/armv7e-m/fpu\libc_nano.a(lib_a-findfp.o)
                0x08003b20                _cleanup_r
 .text.std.isra.0
                0x08003b2c       0x48 c:/program files (x86)/atollic/truestudio for stm32 9.3.0/armtools/bin/../lib/gcc/arm-atollic-eabi/6.3.1/../../../../arm-atollic-eabi/lib/armv7e-m/fpu\libc_nano.a(lib_a-findfp.o)
 .text.__sfmoreglue
                0x08003b74       0x2c c:/program files (x86)/atollic/truestudio for stm32 9.3.0/armtools/bin/../lib/gcc/arm-atollic-eabi/6.3.1/../../../../arm-atollic-eabi/lib/armv7e-m/fpu\libc_nano.a(lib_a-findfp.o)
                0x08003b74                __sfmoreglue
 .text.__sinit  0x08003ba0       0x60 c:/program files (x86)/atollic/truestudio for stm32 9.3.0/armtools/bin/../lib/gcc/arm-atollic-eabi/6.3.1/../../../../arm-atollic-eabi/lib/armv7e-m/fpu\libc_nano.a(lib_a-findfp.o)
                0x08003ba0                __sinit
 .text.__sfp    0x08003c00       0x78 c:/program files (x86)/atollic/truestudio for stm32 9.3.0/armtools/bin/../lib/gcc/arm-atollic-eabi/6.3.1/../../../../arm-atollic-eabi/lib/armv7e-m/fpu\libc_nano.a(lib_a-findfp.o)
                0x08003c00                __sfp
 .text._fwalk_reent
                0x08003c78       0x3c c:/program files (x86)/atollic/truestudio for stm32 9.3.0/armtools/bin/../lib/gcc/arm-atollic-eabi/6.3.1/../../../../arm-atollic-eabi/lib/armv7e-m/fpu\libc_nano.a(lib_a-fwalk.o)
                0x08003c78                _fwalk_reent
 .text.__swhatbuf_r
                0x08003cb4       0x48 c:/program files (x86)/atollic/truestudio for stm32 9.3.0/armtools/bin/../lib/gcc/arm-atollic-eabi/6.3.1/../../../../arm-atollic-eabi/lib/armv7e-m/fpu\libc_nano.a(lib_a-makebuf.o)
                0x08003cb4                __swhatbuf_r
 .text.__smakebuf_r
                0x08003cfc       0x80 c:/program files (x86)/atollic/truestudio for stm32 9.3.0/armtools/bin/../lib/gcc/arm-atollic-eabi/6.3.1/../../../../arm-atollic-eabi/lib/armv7e-m/fpu\libc_nano.a(lib_a-makebuf.o)
                0x08003cfc                __smakebuf_r
 .text._free_r  0x08003d7c       0x9c c:/program files (x86)/atollic/truestudio for stm32 9.3.0/armtools/bin/../lib/gcc/arm-atollic-eabi/6.3.1/../../../../arm-atollic-eabi/lib/armv7e-m/fpu\libc_nano.a(lib_a-nano-freer.o)
                0x08003d7c                _free_r
 .text._malloc_r
                0x08003e18       0xbc c:/program files (x86)/atollic/truestudio for stm32 9.3.0/armtools/bin/../lib/gcc/arm-atollic-eabi/6.3.1/../../../../arm-atollic-eabi/lib/armv7e-m/fpu\libc_nano.a(lib_a-nano-mallocr.o)
                0x08003e18                _malloc_r
 .text.__sfputc_r
                0x08003ed4       0x30 c:/program files (x86)/atollic/truestudio for stm32 9.3.0/armtools/bin/../lib/gcc/arm-atollic-eabi/6.3.1/../../../../arm-atollic-eabi/lib/armv7e-m/fpu\libc_nano.a(lib_a-nano-vfprintf.o)
 .text.__sfputs_r
                0x08003f04       0x24 c:/program files (x86)/atollic/truestudio for stm32 9.3.0/armtools/bin/../lib/gcc/arm-atollic-eabi/6.3.1/../../../../arm-atollic-eabi/lib/armv7e-m/fpu\libc_nano.a(lib_a-nano-vfprintf.o)
                0x08003f04                __sfputs_r
 .text._vfprintf_r
                0x08003f28      0x22c c:/program files (x86)/atollic/truestudio for stm32 9.3.0/armtools/bin/../lib/gcc/arm-atollic-eabi/6.3.1/../../../../arm-atollic-eabi/lib/armv7e-m/fpu\libc_nano.a(lib_a-nano-vfprintf.o)
                0x08003f28                _vfprintf_r
                0x08003f28                _vfiprintf_r
 .text._printf_common
                0x08004154       0xec c:/program files (x86)/atollic/truestudio for stm32 9.3.0/armtools/bin/../lib/gcc/arm-atollic-eabi/6.3.1/../../../../arm-atollic-eabi/lib/armv7e-m/fpu\libc_nano.a(lib_a-nano-vfprintf_i.o)
                0x08004154                _printf_common
 .text._printf_i
                0x08004240      0x240 c:/program files (x86)/atollic/truestudio for stm32 9.3.0/armtools/bin/../lib/gcc/arm-atollic-eabi/6.3.1/../../../../arm-atollic-eabi/lib/armv7e-m/fpu\libc_nano.a(lib_a-nano-vfprintf_i.o)
                0x08004240                _printf_i
 .text._sbrk_r  0x08004480       0x20 c:/program files (x86)/atollic/truestudio for stm32 9.3.0/armtools/bin/../lib/gcc/arm-atollic-eabi/6.3.1/../../../../arm-atollic-eabi/lib/armv7e-m/fpu\libc_nano.a(lib_a-sbrkr.o)
                0x08004480                _sbrk_r
 .text.__sread  0x080044a0       0x22 c:/program files (x86)/atollic/truestudio for stm32 9.3.0/armtools/bin/../lib/gcc/arm-atollic-eabi/6.3.1/../../../../arm-atollic-eabi/lib/armv7e-m/fpu\libc_nano.a(lib_a-stdio.o)
                0x080044a0                __sread
 .text.__swrite
                0x080044c2       0x38 c:/program files (x86)/atollic/truestudio for stm32 9.3.0/armtools/bin/../lib/gcc/arm-atollic-eabi/6.3.1/../../../../arm-atollic-eabi/lib/armv7e-m/fpu\libc_nano.a(lib_a-stdio.o)
                0x080044c2                __swrite
 .text.__sseek  0x080044fa       0x24 c:/program files (x86)/atollic/truestudio for stm32 9.3.0/armtools/bin/../lib/gcc/arm-atollic-eabi/6.3.1/../../../../arm-atollic-eabi/lib/armv7e-m/fpu\libc_nano.a(lib_a-stdio.o)
                0x080044fa                __sseek
 .text.__sclose
                0x0800451e        0x8 c:/program files (x86)/atollic/truestudio for stm32 9.3.0/armtools/bin/../lib/gcc/arm-atollic-eabi/6.3.1/../../../../arm-atollic-eabi/lib/armv7e-m/fpu\libc_nano.a(lib_a-stdio.o)
                0x0800451e                __sclose
 *fill*         0x08004526        0x2 
 .text._write_r
                0x08004528       0x24 c:/program files (x86)/atollic/truestudio for stm32 9.3.0/armtools/bin/../lib/gcc/arm-atollic-eabi/6.3.1/../../../../arm-atollic-eabi/lib/armv7e-m/fpu\libc_nano.a(lib_a-writer.o)
                0x08004528                _write_r
 .text._close_r
                0x0800454c       0x20 c:/program files (x86)/atollic/truestudio for stm32 9.3.0/armtools/bin/../lib/gcc/arm-atollic-eabi/6.3.1/../../../../arm-atollic-eabi/lib/armv7e-m/fpu\libc_nano.a(lib_a-closer.o)
                0x0800454c                _close_r
 .text._fstat_r
                0x0800456c       0x24 c:/program files (x86)/atollic/truestudio for stm32 9.3.0/armtools/bin/../lib/gcc/arm-atollic-eabi/6.3.1/../../../../arm-atollic-eabi/lib/armv7e-m/fpu\libc_nano.a(lib_a-fstatr.o)
                0x0800456c                _fstat_r
 .text._isatty_r
                0x08004590       0x20 c:/program files (x86)/atollic/truestudio for stm32 9.3.0/armtools/bin/../lib/gcc/arm-atollic-eabi/6.3.1/../../../../arm-atollic-eabi/lib/armv7e-m/fpu\libc_nano.a(lib_a-isattyr.o)
                0x08004590                _isatty_r
 .text._lseek_r
                0x080045b0       0x24 c:/program files (x86)/atollic/truestudio for stm32 9.3.0/armtools/bin/../lib/gcc/arm-atollic-eabi/6.3.1/../../../../arm-atollic-eabi/lib/armv7e-m/fpu\libc_nano.a(lib_a-lseekr.o)
                0x080045b0                _lseek_r
 .text.__malloc_lock
                0x080045d4        0x2 c:/program files (x86)/atollic/truestudio for stm32 9.3.0/armtools/bin/../lib/gcc/arm-atollic-eabi/6.3.1/../../../../arm-atollic-eabi/lib/armv7e-m/fpu\libc_nano.a(lib_a-mlock.o)
                0x080045d4                __malloc_lock
 .text.__malloc_unlock
                0x080045d6        0x2 c:/program files (x86)/atollic/truestudio for stm32 9.3.0/armtools/bin/../lib/gcc/arm-atollic-eabi/6.3.1/../../../../arm-atollic-eabi/lib/armv7e-m/fpu\libc_nano.a(lib_a-mlock.o)
                0x080045d6                __malloc_unlock
 .text._read_r  0x080045d8       0x24 c:/program files (x86)/atollic/truestudio for stm32 9.3.0/armtools/bin/../lib/gcc/arm-atollic-eabi/6.3.1/../../../../arm-atollic-eabi/lib/armv7e-m/fpu\libc_nano.a(lib_a-readr.o)
                0x080045d8                _read_r
 *(.glue_7)
 .glue_7        0x080045fc        0x0 linker stubs
 *(.glue_7t)
 .glue_7t       0x080045fc        0x0 linker stubs
 *(.eh_frame)
 .eh_frame      0x080045fc        0x0 c:/program files (x86)/atollic/truestudio for stm32 9.3.0/armtools/bin/../lib/gcc/arm-atollic-eabi/6.3.1/armv7e-m/fpu/crtbegin.o
 *(.init)
 .init          0x080045fc        0x4 c:/program files (x86)/atollic/truestudio for stm32 9.3.0/armtools/bin/../lib/gcc/arm-atollic-eabi/6.3.1/armv7e-m/fpu/crti.o
                0x080045fc                _init
 .init          0x08004600        0x8 c:/program files (x86)/atollic/truestudio for stm32 9.3.0/armtools/bin/../lib/gcc/arm-atollic-eabi/6.3.1/armv7e-m/fpu/crtn.o
 *(.fini)
 .fini          0x08004608        0x4 c:/program files (x86)/atollic/truestudio for stm32 9.3.0/armtools/bin/../lib/gcc/arm-atollic-eabi/6.3.1/armv7e-m/fpu/crti.o
                0x08004608                _fini
 .fini          0x0800460c        0x8 c:/program files (x86)/atollic/truestudio for stm32 9.3.0/armtools/bin/../lib/gcc/arm-atollic-eabi/6.3.1/armv7e-m/fpu/crtn.o
                0x08004614                . = ALIGN (0x4)
                0x08004614                _etext = .

.vfp11_veneer   0x08004614        0x0
 .vfp11_veneer  0x08004614        0x0 linker stubs

.v4_bx          0x08004614        0x0
 .v4_bx         0x08004614        0x0 linker stubs

.iplt           0x08004614        0x0
 .iplt          0x08004614        0x0 c:/program files (x86)/atollic/truestudio for stm32 9.3.0/armtools/bin/../lib/gcc/arm-atollic-eabi/6.3.1/armv7e-m/fpu/crtbegin.o

.rodata         0x08004614      0x3b0
                0x08004614                . = ALIGN (0x4)
 *(.rodata)
 .rodata        0x08004614        0xf Src\main.o
 *(.rodata*)
 .rodata.table_character_6_8
                0x08004623      0x240 Src\LCD_display.o
                0x08004623                table_character_6_8
 .rodata.DrawInts.constprop.0.str1.1
                0x08004863        0x8 Src\main.o
 .rodata.main.str1.1
                0x0800486b       0x4a Src\main.o
 .rodata.show_buffer.str1.1
                0x080048b5        0xf Src\main.o
 .rodata.AHBPrescTable
                0x080048c4       0x10 Src\system_stm32l4xx.o
                0x080048c4                AHBPrescTable
 .rodata.MSIRangeTable
                0x080048d4       0x30 Src\system_stm32l4xx.o
                0x080048d4                MSIRangeTable
 .rodata._global_impure_ptr
                0x08004904        0x4 c:/program files (x86)/atollic/truestudio for stm32 9.3.0/armtools/bin/../lib/gcc/arm-atollic-eabi/6.3.1/../../../../arm-atollic-eabi/lib/armv7e-m/fpu\libc_nano.a(lib_a-impure.o)
                0x08004904                _global_impure_ptr
 .rodata.__utoa.str1.1
                0x08004908       0x25 c:/program files (x86)/atollic/truestudio for stm32 9.3.0/armtools/bin/../lib/gcc/arm-atollic-eabi/6.3.1/../../../../arm-atollic-eabi/lib/armv7e-m/fpu\libc_nano.a(lib_a-utoa.o)
 *fill*         0x0800492d        0x3 
 .rodata.__sf_fake_stderr
                0x08004930       0x20 c:/program files (x86)/atollic/truestudio for stm32 9.3.0/armtools/bin/../lib/gcc/arm-atollic-eabi/6.3.1/../../../../arm-atollic-eabi/lib/armv7e-m/fpu\libc_nano.a(lib_a-findfp.o)
                0x08004930                __sf_fake_stderr
 .rodata.__sf_fake_stdin
                0x08004950       0x20 c:/program files (x86)/atollic/truestudio for stm32 9.3.0/armtools/bin/../lib/gcc/arm-atollic-eabi/6.3.1/../../../../arm-atollic-eabi/lib/armv7e-m/fpu\libc_nano.a(lib_a-findfp.o)
                0x08004950                __sf_fake_stdin
 .rodata.__sf_fake_stdout
                0x08004970       0x20 c:/program files (x86)/atollic/truestudio for stm32 9.3.0/armtools/bin/../lib/gcc/arm-atollic-eabi/6.3.1/../../../../arm-atollic-eabi/lib/armv7e-m/fpu\libc_nano.a(lib_a-findfp.o)
                0x08004970                __sf_fake_stdout
 .rodata._vfprintf_r.str1.1
                0x08004990       0x11 c:/program files (x86)/atollic/truestudio for stm32 9.3.0/armtools/bin/../lib/gcc/arm-atollic-eabi/6.3.1/../../../../arm-atollic-eabi/lib/armv7e-m/fpu\libc_nano.a(lib_a-nano-vfprintf.o)
 .rodata._printf_i.str1.1
                0x080049a1       0x22 c:/program files (x86)/atollic/truestudio for stm32 9.3.0/armtools/bin/../lib/gcc/arm-atollic-eabi/6.3.1/../../../../arm-atollic-eabi/lib/armv7e-m/fpu\libc_nano.a(lib_a-nano-vfprintf_i.o)
                0x080049c4                . = ALIGN (0x4)
 *fill*         0x080049c3        0x1 

.rel.dyn        0x080049c4        0x0
 .rel.iplt      0x080049c4        0x0 c:/program files (x86)/atollic/truestudio for stm32 9.3.0/armtools/bin/../lib/gcc/arm-atollic-eabi/6.3.1/armv7e-m/fpu/crtbegin.o

.ARM.extab
 *(.ARM.extab* .gnu.linkonce.armextab.*)

.ARM            0x080049c4        0x0
                0x080049c4                __exidx_start = .
 *(.ARM.exidx*)
                0x080049c4                __exidx_end = .

.preinit_array  0x080049c4        0x0
                0x080049c4                PROVIDE (__preinit_array_start, .)
 *(.preinit_array*)
                0x080049c4                PROVIDE (__preinit_array_end, .)

.init_array     0x080049c4        0x4
                0x080049c4                PROVIDE (__init_array_start, .)
 *(SORT(.init_array.*))
 *(.init_array*)
 .init_array    0x080049c4        0x4 c:/program files (x86)/atollic/truestudio for stm32 9.3.0/armtools/bin/../lib/gcc/arm-atollic-eabi/6.3.1/armv7e-m/fpu/crtbegin.o
                0x080049c8                PROVIDE (__init_array_end, .)

.fini_array     0x080049c8        0x4
                [!provide]                PROVIDE (__fini_array_start, .)
 *(SORT(.fini_array.*))
 *(.fini_array*)
 .fini_array    0x080049c8        0x4 c:/program files (x86)/atollic/truestudio for stm32 9.3.0/armtools/bin/../lib/gcc/arm-atollic-eabi/6.3.1/armv7e-m/fpu/crtbegin.o
                [!provide]                PROVIDE (__fini_array_end, .)
                0x080049cc                _sidata = LOADADDR (.data)

.data           0x20000000      0x1e0 load address 0x080049cc
                0x20000000                . = ALIGN (0x4)
                0x20000000                _sdata = .
 *(.data)
 *(.data*)
 .data.uwTickFreq
                0x20000000        0x4 Drivers\STM32L4xx_HAL_Driver\Src\stm32l4xx_hal.o
                0x20000000                uwTickFreq
 .data.uwTickPrio
                0x20000004        0x4 Drivers\STM32L4xx_HAL_Driver\Src\stm32l4xx_hal.o
                0x20000004                uwTickPrio
 .data.DevAddress
                0x20000008        0x2 Src\AMG8833.o
                0x20000008                DevAddress
 *fill*         0x2000000a        0x2 
 .data.AMG8833_INT
                0x2000000c       0x1c Src\gpio.o
                0x2000000c                AMG8833_INT
 .data.Call_BTN
                0x20000028       0x1c Src\gpio.o
                0x20000028                Call_BTN
 .data.Cancel_BTN
                0x20000044       0x1c Src\gpio.o
                0x20000044                Cancel_BTN
 .data.Cancel_LED
                0x20000060       0x1c Src\gpio.o
                0x20000060                Cancel_LED
 .data.LCD_LCK  0x2000007c       0x1c Src\gpio.o
                0x2000007c                LCD_LCK
 .data.LCD_RS   0x20000098       0x1c Src\gpio.o
                0x20000098                LCD_RS
 .data.LCD_WR   0x200000b4       0x1c Src\gpio.o
                0x200000b4                LCD_WR
 .data.I2C_3    0x200000d0       0x38 Src\i2c.o
                0x200000d0                I2C_3
 .data.SPI_1    0x20000108       0x70 Src\spi.o
                0x20000108                SPI_1
 .data.SystemCoreClock
                0x20000178        0x4 Src\system_stm32l4xx.o
                0x20000178                SystemCoreClock
 .data._impure_ptr
                0x2000017c        0x4 c:/program files (x86)/atollic/truestudio for stm32 9.3.0/armtools/bin/../lib/gcc/arm-atollic-eabi/6.3.1/../../../../arm-atollic-eabi/lib/armv7e-m/fpu\libc_nano.a(lib_a-impure.o)
                0x2000017c                _impure_ptr
 .data.impure_data
                0x20000180       0x60 c:/program files (x86)/atollic/truestudio for stm32 9.3.0/armtools/bin/../lib/gcc/arm-atollic-eabi/6.3.1/../../../../arm-atollic-eabi/lib/armv7e-m/fpu\libc_nano.a(lib_a-impure.o)
                0x200001e0                . = ALIGN (0x4)
                0x200001e0                _edata = .

.igot.plt       0x200001e0        0x0 load address 0x08004bac
 .igot.plt      0x200001e0        0x0 c:/program files (x86)/atollic/truestudio for stm32 9.3.0/armtools/bin/../lib/gcc/arm-atollic-eabi/6.3.1/armv7e-m/fpu/crtbegin.o
                0x200001e0                . = ALIGN (0x4)

.bss            0x200001e0     0x9a60 load address 0x08004bac
                0x200001e0                _sbss = .
                0x200001e0                __bss_start__ = _sbss
 *(.bss)
 .bss           0x200001e0       0x1c c:/program files (x86)/atollic/truestudio for stm32 9.3.0/armtools/bin/../lib/gcc/arm-atollic-eabi/6.3.1/armv7e-m/fpu/crtbegin.o
 *(.bss*)
 .bss.MemAddress
                0x200001fc        0x1 Src\AMG8833.o
                0x200001fc                MemAddress
 .bss.Txbuff    0x200001fd        0x2 Src\AMG8833.o
                0x200001fd                Txbuff
 *fill*         0x200001ff        0x1 
 .bss.ThermValue
                0x20000200        0x4 Src\main.o
                0x20000200                ThermValue
 .bss.intReceived
                0x20000204        0x1 Src\main.o
                0x20000204                intReceived
 *fill*         0x20000205        0x3 
 .bss.offset    0x20000208        0x4 Src\main.o
                0x20000208                offset
 .bss.heap_end.9638
                0x2000020c        0x4 Src\syscalls.o
 .bss.__malloc_free_list
                0x20000210        0x4 c:/program files (x86)/atollic/truestudio for stm32 9.3.0/armtools/bin/../lib/gcc/arm-atollic-eabi/6.3.1/../../../../arm-atollic-eabi/lib/armv7e-m/fpu\libc_nano.a(lib_a-nano-mallocr.o)
                0x20000210                __malloc_free_list
 .bss.__malloc_sbrk_start
                0x20000214        0x4 c:/program files (x86)/atollic/truestudio for stm32 9.3.0/armtools/bin/../lib/gcc/arm-atollic-eabi/6.3.1/../../../../arm-atollic-eabi/lib/armv7e-m/fpu\libc_nano.a(lib_a-nano-mallocr.o)
                0x20000214                __malloc_sbrk_start
 *(COMMON)
 COMMON         0x20000218        0x4 Drivers\STM32L4xx_HAL_Driver\Src\stm32l4xx_hal.o
                0x20000218                uwTick
 COMMON         0x2000021c        0x2 Src\AMG8833.o
                0x2000021c                thermistor
 *fill*         0x2000021e        0x2 
 COMMON         0x20000220       0x22 Src\LCD_display.o
                0x20000220                printfY
                0x20000224                pfCharacterFont
                0x20000228                textSize
                0x2000022a                printfX
                0x2000022c                textBackground
                0x2000022e                textColor
                0x20000230                lineWidth
                0x20000232                rawWidth
                0x20000234                displayRadius
                0x20000236                cursorX
                0x20000238                textHeight
                0x20000239                textWidth
                0x2000023a                rawHeight
                0x2000023c                cursorY
                0x2000023e                height
                0x20000240                width
 *fill*         0x20000242        0x2 
 COMMON         0x20000244       0x4c Src\i2c.o
                0x20000244                hi2c3
 COMMON         0x20000290     0x9948 Src\main.o
                0x20000290                pixelInts
                0x20000298                colorbuff
                0x20000a98                pixdata
                0x20000b98                drawInts
                0x20000bd8                pixel_buff
                0x20001bd8                LCD_buff
 COMMON         0x20009bd8       0x64 Src\spi.o
                0x20009bd8                SPI_Handle
 COMMON         0x20009c3c        0x4 c:/program files (x86)/atollic/truestudio for stm32 9.3.0/armtools/bin/../lib/gcc/arm-atollic-eabi/6.3.1/../../../../arm-atollic-eabi/lib/armv7e-m/fpu\libc_nano.a(lib_a-reent.o)
                0x20009c3c                errno
                0x20009c40                . = ALIGN (0x4)
                0x20009c40                _ebss = .
                0x20009c40                __bss_end__ = _ebss

._user_heap_stack
                0x20009c40      0x600 load address 0x08004bac
                0x20009c40                . = ALIGN (0x4)
                0x20009c40                PROVIDE (end, .)
                [!provide]                PROVIDE (_end, .)
                0x20009e40                . = (. + _Min_Heap_Size)
 *fill*         0x20009c40      0x200 
                0x2000a240                . = (. + _Min_Stack_Size)
 *fill*         0x20009e40      0x400 
                0x2000a240                . = ALIGN (0x4)

/DISCARD/
 libc.a(*)
 libm.a(*)
 libgcc.a(*)

.ARM.attributes
                0x00000000       0x30
 *(.ARM.attributes)
 .ARM.attributes
                0x00000000       0x22 c:/program files (x86)/atollic/truestudio for stm32 9.3.0/armtools/bin/../lib/gcc/arm-atollic-eabi/6.3.1/armv7e-m/fpu/crti.o
 .ARM.attributes
                0x00000022       0x34 c:/program files (x86)/atollic/truestudio for stm32 9.3.0/armtools/bin/../lib/gcc/arm-atollic-eabi/6.3.1/armv7e-m/fpu/crtbegin.o
 .ARM.attributes
                0x00000056       0x39 Drivers\STM32L4xx_HAL_Driver\Src\stm32l4xx_hal.o
 .ARM.attributes
                0x0000008f       0x39 Drivers\STM32L4xx_HAL_Driver\Src\stm32l4xx_hal_cortex.o
 .ARM.attributes
                0x000000c8       0x39 Drivers\STM32L4xx_HAL_Driver\Src\stm32l4xx_hal_gpio.o
 .ARM.attributes
                0x00000101       0x39 Drivers\STM32L4xx_HAL_Driver\Src\stm32l4xx_hal_i2c.o
 .ARM.attributes
                0x0000013a       0x39 Drivers\STM32L4xx_HAL_Driver\Src\stm32l4xx_hal_i2c_ex.o
 .ARM.attributes
                0x00000173       0x39 Drivers\STM32L4xx_HAL_Driver\Src\stm32l4xx_hal_pwr_ex.o
 .ARM.attributes
                0x000001ac       0x39 Drivers\STM32L4xx_HAL_Driver\Src\stm32l4xx_hal_rcc.o
 .ARM.attributes
                0x000001e5       0x39 Drivers\STM32L4xx_HAL_Driver\Src\stm32l4xx_hal_rcc_ex.o
 .ARM.attributes
                0x0000021e       0x39 Drivers\STM32L4xx_HAL_Driver\Src\stm32l4xx_hal_spi.o
 .ARM.attributes
                0x00000257       0x39 Src\AMG8833.o
 .ARM.attributes
                0x00000290       0x39 Src\DFR0529_LCD.o
 .ARM.attributes
                0x000002c9       0x39 Src\LCD_display.o
 .ARM.attributes
                0x00000302       0x39 Src\board.o
 .ARM.attributes
                0x0000033b       0x39 Src\gpio.o
 .ARM.attributes
                0x00000374       0x39 Src\i2c.o
 .ARM.attributes
                0x000003ad       0x39 Src\main.o
 .ARM.attributes
                0x000003e6       0x39 Src\spi.o
 .ARM.attributes
                0x0000041f       0x39 Src\stm32l4xx_hal_msp.o
 .ARM.attributes
                0x00000458       0x39 Src\stm32l4xx_it.o
 .ARM.attributes
                0x00000491       0x39 Src\syscalls.o
 .ARM.attributes
                0x000004ca       0x39 Src\system_stm32l4xx.o
 .ARM.attributes
                0x00000503       0x21 startup\startup_stm32l476xx.o
 .ARM.attributes
                0x00000524       0x34 c:/program files (x86)/atollic/truestudio for stm32 9.3.0/armtools/bin/../lib/gcc/arm-atollic-eabi/6.3.1/../../../../arm-atollic-eabi/lib/armv7e-m/fpu\libc_nano.a(lib_a-errno.o)
 .ARM.attributes
                0x00000558       0x34 c:/program files (x86)/atollic/truestudio for stm32 9.3.0/armtools/bin/../lib/gcc/arm-atollic-eabi/6.3.1/../../../../arm-atollic-eabi/lib/armv7e-m/fpu\libc_nano.a(lib_a-impure.o)
 .ARM.attributes
                0x0000058c       0x34 c:/program files (x86)/atollic/truestudio for stm32 9.3.0/armtools/bin/../lib/gcc/arm-atollic-eabi/6.3.1/../../../../arm-atollic-eabi/lib/armv7e-m/fpu\libc_nano.a(lib_a-init.o)
 .ARM.attributes
                0x000005c0       0x34 c:/program files (x86)/atollic/truestudio for stm32 9.3.0/armtools/bin/../lib/gcc/arm-atollic-eabi/6.3.1/../../../../arm-atollic-eabi/lib/armv7e-m/fpu\libc_nano.a(lib_a-itoa.o)
 .ARM.attributes
                0x000005f4       0x34 c:/program files (x86)/atollic/truestudio for stm32 9.3.0/armtools/bin/../lib/gcc/arm-atollic-eabi/6.3.1/../../../../arm-atollic-eabi/lib/armv7e-m/fpu\libc_nano.a(lib_a-memset.o)
 .ARM.attributes
                0x00000628       0x34 c:/program files (x86)/atollic/truestudio for stm32 9.3.0/armtools/bin/../lib/gcc/arm-atollic-eabi/6.3.1/../../../../arm-atollic-eabi/lib/armv7e-m/fpu\libc_nano.a(lib_a-printf.o)
 .ARM.attributes
                0x0000065c       0x34 c:/program files (x86)/atollic/truestudio for stm32 9.3.0/armtools/bin/../lib/gcc/arm-atollic-eabi/6.3.1/../../../../arm-atollic-eabi/lib/armv7e-m/fpu\libc_nano.a(lib_a-puts.o)
 .ARM.attributes
                0x00000690       0x34 c:/program files (x86)/atollic/truestudio for stm32 9.3.0/armtools/bin/../lib/gcc/arm-atollic-eabi/6.3.1/../../../../arm-atollic-eabi/lib/armv7e-m/fpu\libc_nano.a(lib_a-strcat.o)
 .ARM.attributes
                0x000006c4       0x34 c:/program files (x86)/atollic/truestudio for stm32 9.3.0/armtools/bin/../lib/gcc/arm-atollic-eabi/6.3.1/../../../../arm-atollic-eabi/lib/armv7e-m/fpu\libc_nano.a(lib_a-utoa.o)
 .ARM.attributes
                0x000006f8       0x34 c:/program files (x86)/atollic/truestudio for stm32 9.3.0/armtools/bin/../lib/gcc/arm-atollic-eabi/6.3.1/../../../../arm-atollic-eabi/lib/armv7e-m/fpu\libc_nano.a(lib_a-wbuf.o)
 .ARM.attributes
                0x0000072c       0x34 c:/program files (x86)/atollic/truestudio for stm32 9.3.0/armtools/bin/../lib/gcc/arm-atollic-eabi/6.3.1/../../../../arm-atollic-eabi/lib/armv7e-m/fpu\libc_nano.a(lib_a-wsetup.o)
 .ARM.attributes
                0x00000760       0x34 c:/program files (x86)/atollic/truestudio for stm32 9.3.0/armtools/bin/../lib/gcc/arm-atollic-eabi/6.3.1/../../../../arm-atollic-eabi/lib/armv7e-m/fpu\libc_nano.a(lib_a-fflush.o)
 .ARM.attributes
                0x00000794       0x34 c:/program files (x86)/atollic/truestudio for stm32 9.3.0/armtools/bin/../lib/gcc/arm-atollic-eabi/6.3.1/../../../../arm-atollic-eabi/lib/armv7e-m/fpu\libc_nano.a(lib_a-findfp.o)
 .ARM.attributes
                0x000007c8       0x34 c:/program files (x86)/atollic/truestudio for stm32 9.3.0/armtools/bin/../lib/gcc/arm-atollic-eabi/6.3.1/../../../../arm-atollic-eabi/lib/armv7e-m/fpu\libc_nano.a(lib_a-fwalk.o)
 .ARM.attributes
                0x000007fc       0x34 c:/program files (x86)/atollic/truestudio for stm32 9.3.0/armtools/bin/../lib/gcc/arm-atollic-eabi/6.3.1/../../../../arm-atollic-eabi/lib/armv7e-m/fpu\libc_nano.a(lib_a-makebuf.o)
 .ARM.attributes
                0x00000830       0x34 c:/program files (x86)/atollic/truestudio for stm32 9.3.0/armtools/bin/../lib/gcc/arm-atollic-eabi/6.3.1/../../../../arm-atollic-eabi/lib/armv7e-m/fpu\libc_nano.a(lib_a-nano-freer.o)
 .ARM.attributes
                0x00000864       0x34 c:/program files (x86)/atollic/truestudio for stm32 9.3.0/armtools/bin/../lib/gcc/arm-atollic-eabi/6.3.1/../../../../arm-atollic-eabi/lib/armv7e-m/fpu\libc_nano.a(lib_a-nano-mallocr.o)
 .ARM.attributes
                0x00000898       0x34 c:/program files (x86)/atollic/truestudio for stm32 9.3.0/armtools/bin/../lib/gcc/arm-atollic-eabi/6.3.1/../../../../arm-atollic-eabi/lib/armv7e-m/fpu\libc_nano.a(lib_a-nano-vfprintf.o)
 .ARM.attributes
                0x000008cc       0x34 c:/program files (x86)/atollic/truestudio for stm32 9.3.0/armtools/bin/../lib/gcc/arm-atollic-eabi/6.3.1/../../../../arm-atollic-eabi/lib/armv7e-m/fpu\libc_nano.a(lib_a-nano-vfprintf_i.o)
 .ARM.attributes
                0x00000900       0x34 c:/program files (x86)/atollic/truestudio for stm32 9.3.0/armtools/bin/../lib/gcc/arm-atollic-eabi/6.3.1/../../../../arm-atollic-eabi/lib/armv7e-m/fpu\libc_nano.a(lib_a-sbrkr.o)
 .ARM.attributes
                0x00000934       0x34 c:/program files (x86)/atollic/truestudio for stm32 9.3.0/armtools/bin/../lib/gcc/arm-atollic-eabi/6.3.1/../../../../arm-atollic-eabi/lib/armv7e-m/fpu\libc_nano.a(lib_a-stdio.o)
 .ARM.attributes
                0x00000968       0x34 c:/program files (x86)/atollic/truestudio for stm32 9.3.0/armtools/bin/../lib/gcc/arm-atollic-eabi/6.3.1/../../../../arm-atollic-eabi/lib/armv7e-m/fpu\libc_nano.a(lib_a-writer.o)
 .ARM.attributes
                0x0000099c       0x34 c:/program files (x86)/atollic/truestudio for stm32 9.3.0/armtools/bin/../lib/gcc/arm-atollic-eabi/6.3.1/../../../../arm-atollic-eabi/lib/armv7e-m/fpu\libc_nano.a(lib_a-closer.o)
 .ARM.attributes
                0x000009d0       0x34 c:/program files (x86)/atollic/truestudio for stm32 9.3.0/armtools/bin/../lib/gcc/arm-atollic-eabi/6.3.1/../../../../arm-atollic-eabi/lib/armv7e-m/fpu\libc_nano.a(lib_a-fstatr.o)
 .ARM.attributes
                0x00000a04       0x34 c:/program files (x86)/atollic/truestudio for stm32 9.3.0/armtools/bin/../lib/gcc/arm-atollic-eabi/6.3.1/../../../../arm-atollic-eabi/lib/armv7e-m/fpu\libc_nano.a(lib_a-isattyr.o)
 .ARM.attributes
                0x00000a38       0x34 c:/program files (x86)/atollic/truestudio for stm32 9.3.0/armtools/bin/../lib/gcc/arm-atollic-eabi/6.3.1/../../../../arm-atollic-eabi/lib/armv7e-m/fpu\libc_nano.a(lib_a-lseekr.o)
 .ARM.attributes
                0x00000a6c       0x20 c:/program files (x86)/atollic/truestudio for stm32 9.3.0/armtools/bin/../lib/gcc/arm-atollic-eabi/6.3.1/../../../../arm-atollic-eabi/lib/armv7e-m/fpu\libc_nano.a(lib_a-memchr.o)
 .ARM.attributes
                0x00000a8c       0x34 c:/program files (x86)/atollic/truestudio for stm32 9.3.0/armtools/bin/../lib/gcc/arm-atollic-eabi/6.3.1/../../../../arm-atollic-eabi/lib/armv7e-m/fpu\libc_nano.a(lib_a-mlock.o)
 .ARM.attributes
                0x00000ac0       0x34 c:/program files (x86)/atollic/truestudio for stm32 9.3.0/armtools/bin/../lib/gcc/arm-atollic-eabi/6.3.1/../../../../arm-atollic-eabi/lib/armv7e-m/fpu\libc_nano.a(lib_a-readr.o)
 .ARM.attributes
                0x00000af4       0x34 c:/program files (x86)/atollic/truestudio for stm32 9.3.0/armtools/bin/../lib/gcc/arm-atollic-eabi/6.3.1/../../../../arm-atollic-eabi/lib/armv7e-m/fpu\libc_nano.a(lib_a-reent.o)
 .ARM.attributes
                0x00000b28       0x22 c:/program files (x86)/atollic/truestudio for stm32 9.3.0/armtools/bin/../lib/gcc/arm-atollic-eabi/6.3.1/armv7e-m/fpu\libgcc.a(_arm_addsubdf3.o)
 .ARM.attributes
                0x00000b4a       0x22 c:/program files (x86)/atollic/truestudio for stm32 9.3.0/armtools/bin/../lib/gcc/arm-atollic-eabi/6.3.1/armv7e-m/fpu\libgcc.a(_arm_muldivdf3.o)
 .ARM.attributes
                0x00000b6c       0x22 c:/program files (x86)/atollic/truestudio for stm32 9.3.0/armtools/bin/../lib/gcc/arm-atollic-eabi/6.3.1/armv7e-m/fpu\libgcc.a(_arm_fixdfsi.o)
 .ARM.attributes
                0x00000b8e       0x22 c:/program files (x86)/atollic/truestudio for stm32 9.3.0/armtools/bin/../lib/gcc/arm-atollic-eabi/6.3.1/armv7e-m/fpu\libgcc.a(_arm_truncdfsf2.o)
 .ARM.attributes
                0x00000bb0       0x22 c:/program files (x86)/atollic/truestudio for stm32 9.3.0/armtools/bin/../lib/gcc/arm-atollic-eabi/6.3.1/armv7e-m/fpu/crtn.o
OUTPUT(SPI.elf elf32-littlearm)

.debug_info     0x00000000    0x17c95
 .debug_info    0x00000000      0xcd8 Drivers\STM32L4xx_HAL_Driver\Src\stm32l4xx_hal.o
 .debug_info    0x00000cd8     0x109c Drivers\STM32L4xx_HAL_Driver\Src\stm32l4xx_hal_cortex.o
 .debug_info    0x00001d74      0x98c Drivers\STM32L4xx_HAL_Driver\Src\stm32l4xx_hal_gpio.o
 .debug_info    0x00002700     0x3910 Drivers\STM32L4xx_HAL_Driver\Src\stm32l4xx_hal_i2c.o
 .debug_info    0x00006010      0xb3e Drivers\STM32L4xx_HAL_Driver\Src\stm32l4xx_hal_i2c_ex.o
 .debug_info    0x00006b4e      0xb0e Drivers\STM32L4xx_HAL_Driver\Src\stm32l4xx_hal_pwr_ex.o
 .debug_info    0x0000765c      0xf0c Drivers\STM32L4xx_HAL_Driver\Src\stm32l4xx_hal_rcc.o
 .debug_info    0x00008568     0x11a3 Drivers\STM32L4xx_HAL_Driver\Src\stm32l4xx_hal_rcc_ex.o
 .debug_info    0x0000970b     0x21a4 Drivers\STM32L4xx_HAL_Driver\Src\stm32l4xx_hal_spi.o
 .debug_info    0x0000b8af     0x17fa Src\AMG8833.o
 .debug_info    0x0000d0a9     0x144f Src\DFR0529_LCD.o
 .debug_info    0x0000e4f8      0xf3b Src\LCD_display.o
 .debug_info    0x0000f433      0xee1 Src\board.o
 .debug_info    0x00010314      0xb3a Src\gpio.o
 .debug_info    0x00010e4e     0x14d4 Src\i2c.o
 .debug_info    0x00012322     0x1b02 Src\main.o
 .debug_info    0x00013e24      0xc9e Src\spi.o
 .debug_info    0x00014ac2      0xce1 Src\stm32l4xx_hal_msp.o
 .debug_info    0x000157a3      0xba7 Src\stm32l4xx_it.o
 .debug_info    0x0001634a     0x11db Src\syscalls.o
 .debug_info    0x00017525      0x6fb Src\system_stm32l4xx.o
 .debug_info    0x00017c20       0x75 startup\startup_stm32l476xx.o

.debug_abbrev   0x00000000     0x33d5
 .debug_abbrev  0x00000000      0x28a Drivers\STM32L4xx_HAL_Driver\Src\stm32l4xx_hal.o
 .debug_abbrev  0x0000028a      0x314 Drivers\STM32L4xx_HAL_Driver\Src\stm32l4xx_hal_cortex.o
 .debug_abbrev  0x0000059e      0x1d7 Drivers\STM32L4xx_HAL_Driver\Src\stm32l4xx_hal_gpio.o
 .debug_abbrev  0x00000775      0x351 Drivers\STM32L4xx_HAL_Driver\Src\stm32l4xx_hal_i2c.o
 .debug_abbrev  0x00000ac6      0x1b2 Drivers\STM32L4xx_HAL_Driver\Src\stm32l4xx_hal_i2c_ex.o
 .debug_abbrev  0x00000c78      0x209 Drivers\STM32L4xx_HAL_Driver\Src\stm32l4xx_hal_pwr_ex.o
 .debug_abbrev  0x00000e81      0x258 Drivers\STM32L4xx_HAL_Driver\Src\stm32l4xx_hal_rcc.o
 .debug_abbrev  0x000010d9      0x264 Drivers\STM32L4xx_HAL_Driver\Src\stm32l4xx_hal_rcc_ex.o
 .debug_abbrev  0x0000133d      0x318 Drivers\STM32L4xx_HAL_Driver\Src\stm32l4xx_hal_spi.o
 .debug_abbrev  0x00001655      0x36d Src\AMG8833.o
 .debug_abbrev  0x000019c2      0x25c Src\DFR0529_LCD.o
 .debug_abbrev  0x00001c1e      0x312 Src\LCD_display.o
 .debug_abbrev  0x00001f30      0x201 Src\board.o
 .debug_abbrev  0x00002131      0x1b8 Src\gpio.o
 .debug_abbrev  0x000022e9      0x2a5 Src\i2c.o
 .debug_abbrev  0x0000258e      0x3e2 Src\main.o
 .debug_abbrev  0x00002970      0x232 Src\spi.o
 .debug_abbrev  0x00002ba2      0x1be Src\stm32l4xx_hal_msp.o
 .debug_abbrev  0x00002d60      0x220 Src\stm32l4xx_it.o
 .debug_abbrev  0x00002f80      0x2f8 Src\syscalls.o
 .debug_abbrev  0x00003278      0x14b Src\system_stm32l4xx.o
 .debug_abbrev  0x000033c3       0x12 startup\startup_stm32l476xx.o

.debug_loc      0x00000000     0x8ab1
 .debug_loc     0x00000000      0x1d5 Drivers\STM32L4xx_HAL_Driver\Src\stm32l4xx_hal.o
 .debug_loc     0x000001d5      0x4fb Drivers\STM32L4xx_HAL_Driver\Src\stm32l4xx_hal_cortex.o
 .debug_loc     0x000006d0      0x2c1 Drivers\STM32L4xx_HAL_Driver\Src\stm32l4xx_hal_gpio.o
 .debug_loc     0x00000991     0x3a9a Drivers\STM32L4xx_HAL_Driver\Src\stm32l4xx_hal_i2c.o
 .debug_loc     0x0000442b      0x1a0 Drivers\STM32L4xx_HAL_Driver\Src\stm32l4xx_hal_i2c_ex.o
 .debug_loc     0x000045cb      0x63b Drivers\STM32L4xx_HAL_Driver\Src\stm32l4xx_hal_pwr_ex.o
 .debug_loc     0x00004c06      0x5ed Drivers\STM32L4xx_HAL_Driver\Src\stm32l4xx_hal_rcc.o
 .debug_loc     0x000051f3      0xdaf Drivers\STM32L4xx_HAL_Driver\Src\stm32l4xx_hal_rcc_ex.o
 .debug_loc     0x00005fa2     0x1a4a Drivers\STM32L4xx_HAL_Driver\Src\stm32l4xx_hal_spi.o
 .debug_loc     0x000079ec      0x1b7 Src\AMG8833.o
 .debug_loc     0x00007ba3      0x200 Src\DFR0529_LCD.o
 .debug_loc     0x00007da3      0x4cd Src\LCD_display.o
 .debug_loc     0x00008270       0x21 Src\board.o
 .debug_loc     0x00008291       0x1e Src\gpio.o
 .debug_loc     0x000082af       0x18 Src\i2c.o
 .debug_loc     0x000082c7      0x1f9 Src\main.o
 .debug_loc     0x000084c0       0x44 Src\spi.o
 .debug_loc     0x00008504      0x3ef Src\syscalls.o
 .debug_loc     0x000088f3      0x1be Src\system_stm32l4xx.o

.debug_aranges  0x00000000      0xc20
 .debug_aranges
                0x00000000      0x128 Drivers\STM32L4xx_HAL_Driver\Src\stm32l4xx_hal.o
 .debug_aranges
                0x00000128       0xa8 Drivers\STM32L4xx_HAL_Driver\Src\stm32l4xx_hal_cortex.o
 .debug_aranges
                0x000001d0       0x58 Drivers\STM32L4xx_HAL_Driver\Src\stm32l4xx_hal_gpio.o
 .debug_aranges
                0x00000228      0x238 Drivers\STM32L4xx_HAL_Driver\Src\stm32l4xx_hal_i2c.o
 .debug_aranges
                0x00000460       0x48 Drivers\STM32L4xx_HAL_Driver\Src\stm32l4xx_hal_i2c_ex.o
 .debug_aranges
                0x000004a8      0x130 Drivers\STM32L4xx_HAL_Driver\Src\stm32l4xx_hal_pwr_ex.o
 .debug_aranges
                0x000005d8       0x88 Drivers\STM32L4xx_HAL_Driver\Src\stm32l4xx_hal_rcc.o
 .debug_aranges
                0x00000660       0xc0 Drivers\STM32L4xx_HAL_Driver\Src\stm32l4xx_hal_rcc_ex.o
 .debug_aranges
                0x00000720      0x198 Drivers\STM32L4xx_HAL_Driver\Src\stm32l4xx_hal_spi.o
 .debug_aranges
                0x000008b8       0x60 Src\AMG8833.o
 .debug_aranges
                0x00000918       0x50 Src\DFR0529_LCD.o
 .debug_aranges
                0x00000968       0x68 Src\LCD_display.o
 .debug_aranges
                0x000009d0       0x28 Src\board.o
 .debug_aranges
                0x000009f8       0x28 Src\gpio.o
 .debug_aranges
                0x00000a20       0x28 Src\i2c.o
 .debug_aranges
                0x00000a48       0x38 Src\main.o
 .debug_aranges
                0x00000a80       0x30 Src\spi.o
 .debug_aranges
                0x00000ab0       0x20 Src\stm32l4xx_hal_msp.o
 .debug_aranges
                0x00000ad0       0x50 Src\stm32l4xx_it.o
 .debug_aranges
                0x00000b20       0xb0 Src\syscalls.o
 .debug_aranges
                0x00000bd0       0x28 Src\system_stm32l4xx.o
 .debug_aranges
                0x00000bf8       0x28 startup\startup_stm32l476xx.o

.debug_ranges   0x00000000      0xf90
 .debug_ranges  0x00000000      0x118 Drivers\STM32L4xx_HAL_Driver\Src\stm32l4xx_hal.o
 .debug_ranges  0x00000118      0x128 Drivers\STM32L4xx_HAL_Driver\Src\stm32l4xx_hal_cortex.o
 .debug_ranges  0x00000240       0x68 Drivers\STM32L4xx_HAL_Driver\Src\stm32l4xx_hal_gpio.o
 .debug_ranges  0x000002a8      0x270 Drivers\STM32L4xx_HAL_Driver\Src\stm32l4xx_hal_i2c.o
 .debug_ranges  0x00000518       0x68 Drivers\STM32L4xx_HAL_Driver\Src\stm32l4xx_hal_i2c_ex.o
 .debug_ranges  0x00000580      0x120 Drivers\STM32L4xx_HAL_Driver\Src\stm32l4xx_hal_pwr_ex.o
 .debug_ranges  0x000006a0       0x90 Drivers\STM32L4xx_HAL_Driver\Src\stm32l4xx_hal_rcc.o
 .debug_ranges  0x00000730       0xf0 Drivers\STM32L4xx_HAL_Driver\Src\stm32l4xx_hal_rcc_ex.o
 .debug_ranges  0x00000820      0x248 Drivers\STM32L4xx_HAL_Driver\Src\stm32l4xx_hal_spi.o
 .debug_ranges  0x00000a68       0x70 Src\AMG8833.o
 .debug_ranges  0x00000ad8       0x40 Src\DFR0529_LCD.o
 .debug_ranges  0x00000b18       0xb0 Src\LCD_display.o
 .debug_ranges  0x00000bc8       0x18 Src\board.o
 .debug_ranges  0x00000be0       0x50 Src\gpio.o
 .debug_ranges  0x00000c30       0x90 Src\i2c.o
 .debug_ranges  0x00000cc0      0x120 Src\main.o
 .debug_ranges  0x00000de0       0x70 Src\spi.o
 .debug_ranges  0x00000e50       0x28 Src\stm32l4xx_hal_msp.o
 .debug_ranges  0x00000e78       0x40 Src\stm32l4xx_it.o
 .debug_ranges  0x00000eb8       0xa0 Src\syscalls.o
 .debug_ranges  0x00000f58       0x18 Src\system_stm32l4xx.o
 .debug_ranges  0x00000f70       0x20 startup\startup_stm32l476xx.o

.debug_line     0x00000000     0x7352
 .debug_line    0x00000000      0x4bf Drivers\STM32L4xx_HAL_Driver\Src\stm32l4xx_hal.o
 .debug_line    0x000004bf      0x499 Drivers\STM32L4xx_HAL_Driver\Src\stm32l4xx_hal_cortex.o
 .debug_line    0x00000958      0x400 Drivers\STM32L4xx_HAL_Driver\Src\stm32l4xx_hal_gpio.o
 .debug_line    0x00000d58     0x195b Drivers\STM32L4xx_HAL_Driver\Src\stm32l4xx_hal_i2c.o
 .debug_line    0x000026b3      0x386 Drivers\STM32L4xx_HAL_Driver\Src\stm32l4xx_hal_i2c_ex.o
 .debug_line    0x00002a39      0x5b6 Drivers\STM32L4xx_HAL_Driver\Src\stm32l4xx_hal_pwr_ex.o
 .debug_line    0x00002fef      0x5f1 Drivers\STM32L4xx_HAL_Driver\Src\stm32l4xx_hal_rcc.o
 .debug_line    0x000035e0      0x725 Drivers\STM32L4xx_HAL_Driver\Src\stm32l4xx_hal_rcc_ex.o
 .debug_line    0x00003d05      0xca1 Drivers\STM32L4xx_HAL_Driver\Src\stm32l4xx_hal_spi.o
 .debug_line    0x000049a6      0x438 Src\AMG8833.o
 .debug_line    0x00004dde      0x39c Src\DFR0529_LCD.o
 .debug_line    0x0000517a      0x373 Src\LCD_display.o
 .debug_line    0x000054ed      0x303 Src\board.o
 .debug_line    0x000057f0      0x27d Src\gpio.o
 .debug_line    0x00005a6d      0x332 Src\i2c.o
 .debug_line    0x00005d9f      0x4d1 Src\main.o
 .debug_line    0x00006270      0x2c4 Src\spi.o
 .debug_line    0x00006534      0x316 Src\stm32l4xx_hal_msp.o
 .debug_line    0x0000684a      0x379 Src\stm32l4xx_it.o
 .debug_line    0x00006bc3      0x499 Src\syscalls.o
 .debug_line    0x0000705c      0x278 Src\system_stm32l4xx.o
 .debug_line    0x000072d4       0x7e startup\startup_stm32l476xx.o

.debug_str      0x00000000     0x4713
 .debug_str     0x00000000      0xdf1 Drivers\STM32L4xx_HAL_Driver\Src\stm32l4xx_hal.o
                                0xe85 (size before relaxing)
 .debug_str     0x00000df1      0x4a1 Drivers\STM32L4xx_HAL_Driver\Src\stm32l4xx_hal_cortex.o
                                0xe30 (size before relaxing)
 .debug_str     0x00001292      0x1df Drivers\STM32L4xx_HAL_Driver\Src\stm32l4xx_hal_gpio.o
                                0x775 (size before relaxing)
 .debug_str     0x00001471      0xc75 Drivers\STM32L4xx_HAL_Driver\Src\stm32l4xx_hal_i2c.o
                               0x1134 (size before relaxing)
 .debug_str     0x000020e6       0xf3 Drivers\STM32L4xx_HAL_Driver\Src\stm32l4xx_hal_i2c_ex.o
                                0xae6 (size before relaxing)
 .debug_str     0x000021d9      0x52d Drivers\STM32L4xx_HAL_Driver\Src\stm32l4xx_hal_pwr_ex.o
                                0x9fa (size before relaxing)
 .debug_str     0x00002706      0x3b8 Drivers\STM32L4xx_HAL_Driver\Src\stm32l4xx_hal_rcc.o
                                0xa5d (size before relaxing)
 .debug_str     0x00002abe      0x595 Drivers\STM32L4xx_HAL_Driver\Src\stm32l4xx_hal_rcc_ex.o
                                0xce2 (size before relaxing)
 .debug_str     0x00003053      0x729 Drivers\STM32L4xx_HAL_Driver\Src\stm32l4xx_hal_spi.o
                                0xd92 (size before relaxing)
 .debug_str     0x0000377c      0x70b Src\AMG8833.o
                               0x1067 (size before relaxing)
 .debug_str     0x00003e87      0x128 Src\DFR0529_LCD.o
                                0x99c (size before relaxing)
 .debug_str     0x00003faf      0x172 Src\LCD_display.o
                                0xa3c (size before relaxing)
 .debug_str     0x00004121       0x5f Src\board.o
                                0xd92 (size before relaxing)
 .debug_str     0x00004180       0x25 Src\gpio.o
                                0xb7d (size before relaxing)
 .debug_str     0x000041a5       0x2b Src\i2c.o
                                0xf2c (size before relaxing)
 .debug_str     0x000041d0      0x1c5 Src\main.o
                                0xf7c (size before relaxing)
 .debug_str     0x00004395       0x2b Src\spi.o
                                0xa53 (size before relaxing)
 .debug_str     0x000043c0       0x1b Src\stm32l4xx_hal_msp.o
                                0x963 (size before relaxing)
 .debug_str     0x000043db       0xb9 Src\stm32l4xx_it.o
                                0x8de (size before relaxing)
 .debug_str     0x00004494      0x244 Src\syscalls.o
                                0xa9d (size before relaxing)
 .debug_str     0x000046d8       0x3b Src\system_stm32l4xx.o
                                0x5c3 (size before relaxing)

.comment        0x00000000       0x7c
 .comment       0x00000000       0x7c Drivers\STM32L4xx_HAL_Driver\Src\stm32l4xx_hal.o
                                 0x7d (size before relaxing)
 .comment       0x0000007c       0x7d Drivers\STM32L4xx_HAL_Driver\Src\stm32l4xx_hal_cortex.o
 .comment       0x0000007c       0x7d Drivers\STM32L4xx_HAL_Driver\Src\stm32l4xx_hal_gpio.o
 .comment       0x0000007c       0x7d Drivers\STM32L4xx_HAL_Driver\Src\stm32l4xx_hal_i2c.o
 .comment       0x0000007c       0x7d Drivers\STM32L4xx_HAL_Driver\Src\stm32l4xx_hal_i2c_ex.o
 .comment       0x0000007c       0x7d Drivers\STM32L4xx_HAL_Driver\Src\stm32l4xx_hal_pwr_ex.o
 .comment       0x0000007c       0x7d Drivers\STM32L4xx_HAL_Driver\Src\stm32l4xx_hal_rcc.o
 .comment       0x0000007c       0x7d Drivers\STM32L4xx_HAL_Driver\Src\stm32l4xx_hal_rcc_ex.o
 .comment       0x0000007c       0x7d Drivers\STM32L4xx_HAL_Driver\Src\stm32l4xx_hal_spi.o
 .comment       0x0000007c       0x7d Src\AMG8833.o
 .comment       0x0000007c       0x7d Src\DFR0529_LCD.o
 .comment       0x0000007c       0x7d Src\LCD_display.o
 .comment       0x0000007c       0x7d Src\board.o
 .comment       0x0000007c       0x7d Src\gpio.o
 .comment       0x0000007c       0x7d Src\i2c.o
 .comment       0x0000007c       0x7d Src\main.o
 .comment       0x0000007c       0x7d Src\spi.o
 .comment       0x0000007c       0x7d Src\stm32l4xx_hal_msp.o
 .comment       0x0000007c       0x7d Src\stm32l4xx_it.o
 .comment       0x0000007c       0x7d Src\syscalls.o
 .comment       0x0000007c       0x7d Src\system_stm32l4xx.o

.debug_frame    0x00000000     0x2a90
 .debug_frame   0x00000000      0x280 Drivers\STM32L4xx_HAL_Driver\Src\stm32l4xx_hal.o
 .debug_frame   0x00000280      0x158 Drivers\STM32L4xx_HAL_Driver\Src\stm32l4xx_hal_cortex.o
 .debug_frame   0x000003d8       0xd8 Drivers\STM32L4xx_HAL_Driver\Src\stm32l4xx_hal_gpio.o
 .debug_frame   0x000004b0      0x8dc Drivers\STM32L4xx_HAL_Driver\Src\stm32l4xx_hal_i2c.o
 .debug_frame   0x00000d8c       0x90 Drivers\STM32L4xx_HAL_Driver\Src\stm32l4xx_hal_i2c_ex.o
 .debug_frame   0x00000e1c      0x278 Drivers\STM32L4xx_HAL_Driver\Src\stm32l4xx_hal_pwr_ex.o
 .debug_frame   0x00001094      0x160 Drivers\STM32L4xx_HAL_Driver\Src\stm32l4xx_hal_rcc.o
 .debug_frame   0x000011f4      0x200 Drivers\STM32L4xx_HAL_Driver\Src\stm32l4xx_hal_rcc_ex.o
 .debug_frame   0x000013f4      0x5b0 Drivers\STM32L4xx_HAL_Driver\Src\stm32l4xx_hal_spi.o
 .debug_frame   0x000019a4      0x11c Src\AMG8833.o
 .debug_frame   0x00001ac0       0xf0 Src\DFR0529_LCD.o
 .debug_frame   0x00001bb0       0xf0 Src\LCD_display.o
 .debug_frame   0x00001ca0       0x48 Src\board.o
 .debug_frame   0x00001ce8       0x58 Src\gpio.o
 .debug_frame   0x00001d40       0x40 Src\i2c.o
 .debug_frame   0x00001d80       0xa4 Src\main.o
 .debug_frame   0x00001e24       0x4c Src\spi.o
 .debug_frame   0x00001e70       0x28 Src\stm32l4xx_hal_msp.o
 .debug_frame   0x00001e98       0xbc Src\stm32l4xx_it.o
 .debug_frame   0x00001f54      0x1a8 Src\syscalls.o
 .debug_frame   0x000020fc       0x38 Src\system_stm32l4xx.o
 .debug_frame   0x00002134       0x20 c:/program files (x86)/atollic/truestudio for stm32 9.3.0/armtools/bin/../lib/gcc/arm-atollic-eabi/6.3.1/../../../../arm-atollic-eabi/lib/armv7e-m/fpu\libc_nano.a(lib_a-errno.o)
 .debug_frame   0x00002154       0x2c c:/program files (x86)/atollic/truestudio for stm32 9.3.0/armtools/bin/../lib/gcc/arm-atollic-eabi/6.3.1/../../../../arm-atollic-eabi/lib/armv7e-m/fpu\libc_nano.a(lib_a-init.o)
 .debug_frame   0x00002180       0x38 c:/program files (x86)/atollic/truestudio for stm32 9.3.0/armtools/bin/../lib/gcc/arm-atollic-eabi/6.3.1/../../../../arm-atollic-eabi/lib/armv7e-m/fpu\libc_nano.a(lib_a-itoa.o)
 .debug_frame   0x000021b8       0x20 c:/program files (x86)/atollic/truestudio for stm32 9.3.0/armtools/bin/../lib/gcc/arm-atollic-eabi/6.3.1/../../../../arm-atollic-eabi/lib/armv7e-m/fpu\libc_nano.a(lib_a-memset.o)
 .debug_frame   0x000021d8       0x74 c:/program files (x86)/atollic/truestudio for stm32 9.3.0/armtools/bin/../lib/gcc/arm-atollic-eabi/6.3.1/../../../../arm-atollic-eabi/lib/armv7e-m/fpu\libc_nano.a(lib_a-printf.o)
 .debug_frame   0x0000224c       0x3c c:/program files (x86)/atollic/truestudio for stm32 9.3.0/armtools/bin/../lib/gcc/arm-atollic-eabi/6.3.1/../../../../arm-atollic-eabi/lib/armv7e-m/fpu\libc_nano.a(lib_a-puts.o)
 .debug_frame   0x00002288       0x28 c:/program files (x86)/atollic/truestudio for stm32 9.3.0/armtools/bin/../lib/gcc/arm-atollic-eabi/6.3.1/../../../../arm-atollic-eabi/lib/armv7e-m/fpu\libc_nano.a(lib_a-strcat.o)
 .debug_frame   0x000022b0       0x48 c:/program files (x86)/atollic/truestudio for stm32 9.3.0/armtools/bin/../lib/gcc/arm-atollic-eabi/6.3.1/../../../../arm-atollic-eabi/lib/armv7e-m/fpu\libc_nano.a(lib_a-utoa.o)
 .debug_frame   0x000022f8       0x40 c:/program files (x86)/atollic/truestudio for stm32 9.3.0/armtools/bin/../lib/gcc/arm-atollic-eabi/6.3.1/../../../../arm-atollic-eabi/lib/armv7e-m/fpu\libc_nano.a(lib_a-wbuf.o)
 .debug_frame   0x00002338       0x2c c:/program files (x86)/atollic/truestudio for stm32 9.3.0/armtools/bin/../lib/gcc/arm-atollic-eabi/6.3.1/../../../../arm-atollic-eabi/lib/armv7e-m/fpu\libc_nano.a(lib_a-wsetup.o)
 .debug_frame   0x00002364       0x68 c:/program files (x86)/atollic/truestudio for stm32 9.3.0/armtools/bin/../lib/gcc/arm-atollic-eabi/6.3.1/../../../../arm-atollic-eabi/lib/armv7e-m/fpu\libc_nano.a(lib_a-fflush.o)
 .debug_frame   0x000023cc      0x11c c:/program files (x86)/atollic/truestudio for stm32 9.3.0/armtools/bin/../lib/gcc/arm-atollic-eabi/6.3.1/../../../../arm-atollic-eabi/lib/armv7e-m/fpu\libc_nano.a(lib_a-findfp.o)
 .debug_frame   0x000024e8       0x54 c:/program files (x86)/atollic/truestudio for stm32 9.3.0/armtools/bin/../lib/gcc/arm-atollic-eabi/6.3.1/../../../../arm-atollic-eabi/lib/armv7e-m/fpu\libc_nano.a(lib_a-fwalk.o)
 .debug_frame   0x0000253c       0x58 c:/program files (x86)/atollic/truestudio for stm32 9.3.0/armtools/bin/../lib/gcc/arm-atollic-eabi/6.3.1/../../../../arm-atollic-eabi/lib/armv7e-m/fpu\libc_nano.a(lib_a-makebuf.o)
 .debug_frame   0x00002594       0x38 c:/program files (x86)/atollic/truestudio for stm32 9.3.0/armtools/bin/../lib/gcc/arm-atollic-eabi/6.3.1/../../../../arm-atollic-eabi/lib/armv7e-m/fpu\libc_nano.a(lib_a-nano-freer.o)
 .debug_frame   0x000025cc       0x2c c:/program files (x86)/atollic/truestudio for stm32 9.3.0/armtools/bin/../lib/gcc/arm-atollic-eabi/6.3.1/../../../../arm-atollic-eabi/lib/armv7e-m/fpu\libc_nano.a(lib_a-nano-mallocr.o)
 .debug_frame   0x000025f8       0xac c:/program files (x86)/atollic/truestudio for stm32 9.3.0/armtools/bin/../lib/gcc/arm-atollic-eabi/6.3.1/../../../../arm-atollic-eabi/lib/armv7e-m/fpu\libc_nano.a(lib_a-nano-vfprintf.o)
 .debug_frame   0x000026a4       0x60 c:/program files (x86)/atollic/truestudio for stm32 9.3.0/armtools/bin/../lib/gcc/arm-atollic-eabi/6.3.1/../../../../arm-atollic-eabi/lib/armv7e-m/fpu\libc_nano.a(lib_a-nano-vfprintf_i.o)
 .debug_frame   0x00002704       0x2c c:/program files (x86)/atollic/truestudio for stm32 9.3.0/armtools/bin/../lib/gcc/arm-atollic-eabi/6.3.1/../../../../arm-atollic-eabi/lib/armv7e-m/fpu\libc_nano.a(lib_a-sbrkr.o)
 .debug_frame   0x00002730       0x88 c:/program files (x86)/atollic/truestudio for stm32 9.3.0/armtools/bin/../lib/gcc/arm-atollic-eabi/6.3.1/../../../../arm-atollic-eabi/lib/armv7e-m/fpu\libc_nano.a(lib_a-stdio.o)
 .debug_frame   0x000027b8       0x2c c:/program files (x86)/atollic/truestudio for stm32 9.3.0/armtools/bin/../lib/gcc/arm-atollic-eabi/6.3.1/../../../../arm-atollic-eabi/lib/armv7e-m/fpu\libc_nano.a(lib_a-writer.o)
 .debug_frame   0x000027e4       0x2c c:/program files (x86)/atollic/truestudio for stm32 9.3.0/armtools/bin/../lib/gcc/arm-atollic-eabi/6.3.1/../../../../arm-atollic-eabi/lib/armv7e-m/fpu\libc_nano.a(lib_a-closer.o)
 .debug_frame   0x00002810       0x2c c:/program files (x86)/atollic/truestudio for stm32 9.3.0/armtools/bin/../lib/gcc/arm-atollic-eabi/6.3.1/../../../../arm-atollic-eabi/lib/armv7e-m/fpu\libc_nano.a(lib_a-fstatr.o)
 .debug_frame   0x0000283c       0x2c c:/program files (x86)/atollic/truestudio for stm32 9.3.0/armtools/bin/../lib/gcc/arm-atollic-eabi/6.3.1/../../../../arm-atollic-eabi/lib/armv7e-m/fpu\libc_nano.a(lib_a-isattyr.o)
 .debug_frame   0x00002868       0x2c c:/program files (x86)/atollic/truestudio for stm32 9.3.0/armtools/bin/../lib/gcc/arm-atollic-eabi/6.3.1/../../../../arm-atollic-eabi/lib/armv7e-m/fpu\libc_nano.a(lib_a-lseekr.o)
 .debug_frame   0x00002894       0x30 c:/program files (x86)/atollic/truestudio for stm32 9.3.0/armtools/bin/../lib/gcc/arm-atollic-eabi/6.3.1/../../../../arm-atollic-eabi/lib/armv7e-m/fpu\libc_nano.a(lib_a-mlock.o)
 .debug_frame   0x000028c4       0x2c c:/program files (x86)/atollic/truestudio for stm32 9.3.0/armtools/bin/../lib/gcc/arm-atollic-eabi/6.3.1/../../../../arm-atollic-eabi/lib/armv7e-m/fpu\libc_nano.a(lib_a-readr.o)
 .debug_frame   0x000028f0       0x5c c:/program files (x86)/atollic/truestudio for stm32 9.3.0/armtools/bin/../lib/gcc/arm-atollic-eabi/6.3.1/../../../../arm-atollic-eabi/lib/armv7e-m/fpu\libc_nano.a(lib_a-reent.o)
 .debug_frame   0x0000294c       0xac c:/program files (x86)/atollic/truestudio for stm32 9.3.0/armtools/bin/../lib/gcc/arm-atollic-eabi/6.3.1/armv7e-m/fpu\libgcc.a(_arm_addsubdf3.o)
 .debug_frame   0x000029f8       0x50 c:/program files (x86)/atollic/truestudio for stm32 9.3.0/armtools/bin/../lib/gcc/arm-atollic-eabi/6.3.1/armv7e-m/fpu\libgcc.a(_arm_muldivdf3.o)
 .debug_frame   0x00002a48       0x24 c:/program files (x86)/atollic/truestudio for stm32 9.3.0/armtools/bin/../lib/gcc/arm-atollic-eabi/6.3.1/armv7e-m/fpu\libgcc.a(_arm_fixdfsi.o)
 .debug_frame   0x00002a6c       0x24 c:/program files (x86)/atollic/truestudio for stm32 9.3.0/armtools/bin/../lib/gcc/arm-atollic-eabi/6.3.1/armv7e-m/fpu\libgcc.a(_arm_truncdfsf2.o)
